Component: Arm Compiler for Embedded 6.19 Tool: armlink [5e73cb00]

==============================================================================

Section Cross References

    startup_stm32g431xx.o(STACK) refers (Special) to heapauxi.o(.text) for __use_two_region_memory
    startup_stm32g431xx.o(HEAP) refers (Special) to heapauxi.o(.text) for __use_two_region_memory
    startup_stm32g431xx.o(RESET) refers (Special) to heapauxi.o(.text) for __use_two_region_memory
    startup_stm32g431xx.o(RESET) refers to startup_stm32g431xx.o(STACK) for __initial_sp
    startup_stm32g431xx.o(RESET) refers to startup_stm32g431xx.o(.text) for Reset_Handler
    startup_stm32g431xx.o(RESET) refers to stm32g4xx_it.o(.text.NMI_Handler) for NMI_Handler
    startup_stm32g431xx.o(RESET) refers to stm32g4xx_it.o(.text.HardFault_Handler) for HardFault_Handler
    startup_stm32g431xx.o(RESET) refers to stm32g4xx_it.o(.text.MemManage_Handler) for MemManage_Handler
    startup_stm32g431xx.o(RESET) refers to stm32g4xx_it.o(.text.BusFault_Handler) for BusFault_Handler
    startup_stm32g431xx.o(RESET) refers to stm32g4xx_it.o(.text.UsageFault_Handler) for UsageFault_Handler
    startup_stm32g431xx.o(RESET) refers to stm32g4xx_it.o(.text.SVC_Handler) for SVC_Handler
    startup_stm32g431xx.o(RESET) refers to stm32g4xx_it.o(.text.DebugMon_Handler) for DebugMon_Handler
    startup_stm32g431xx.o(RESET) refers to stm32g4xx_it.o(.text.PendSV_Handler) for PendSV_Handler
    startup_stm32g431xx.o(RESET) refers to stm32g4xx_it.o(.text.SysTick_Handler) for SysTick_Handler
    startup_stm32g431xx.o(.text) refers (Special) to heapauxi.o(.text) for __use_two_region_memory
    startup_stm32g431xx.o(.text) refers to system_stm32g4xx.o(.text.SystemInit) for SystemInit
    startup_stm32g431xx.o(.text) refers to __main.o(!!!main) for __main
    startup_stm32g431xx.o(.text) refers to startup_stm32g431xx.o(HEAP) for Heap_Mem
    startup_stm32g431xx.o(.text) refers to startup_stm32g431xx.o(STACK) for Stack_Mem
    main.o(.text.main) refers to stm32g4xx_hal.o(.text.HAL_Init) for HAL_Init
    main.o(.text.main) refers to main.o(.text.SystemClock_Config) for SystemClock_Config
    main.o(.text.main) refers to main.o(.text.MX_GPIO_Init) for MX_GPIO_Init
    main.o(.text.main) refers to main.o(.text.MX_SPI1_Init) for MX_SPI1_Init
    main.o(.text.main) refers to main.o(.text.MX_TIM2_Init) for MX_TIM2_Init
    main.o(.text.main) refers to main.o(.text.MX_USART1_UART_Init) for MX_USART1_UART_Init
    main.o(.text.main) refers to main.o(.text.MX_USART2_UART_Init) for MX_USART2_UART_Init
    main.o(.text.main) refers to main.o(.bss.htim2) for htim2
    main.o(.text.main) refers to stm32g4xx_hal_tim.o(.text.HAL_TIM_PWM_Start) for HAL_TIM_PWM_Start
    main.o(.text.main) refers to icm-426688p.o(.text.ICM42688P_Init) for ICM42688P_Init
    main.o(.text.main) refers to stm32g4xx_hal.o(.text.HAL_Delay) for HAL_Delay
    main.o(.text.main) refers to icm-426688p.o(.text.ICM42688P_ReadRegister) for ICM42688P_ReadRegister
    main.o(.text.main) refers to icm-426688p.o(.text.ICM42688P_GetTemp) for ICM42688P_GetTemp
    main.o(.text.main) refers to f2d.o(x$fpl$f2d) for __aeabi_f2d
    main.o(.text.main) refers to main.o(.rodata.str1.1) for .L.str
    main.o(.text.main) refers to sprintf.o(.text) for sprintf
    main.o(.text.main) refers to strlen.o(.text) for strlen
    main.o(.text.main) refers to main.o(.bss.huart2) for huart2
    main.o(.text.main) refers to stm32g4xx_hal_uart.o(.text.HAL_UART_Transmit) for HAL_UART_Transmit
    main.o(.ARM.exidx.text.main) refers to main.o(.text.main) for [Anonymous Symbol]
    main.o(.text.SystemClock_Config) refers to rt_memclr_w.o(.text) for __aeabi_memclr4
    main.o(.text.SystemClock_Config) refers to stm32g4xx_hal_pwr_ex.o(.text.HAL_PWREx_ControlVoltageScaling) for HAL_PWREx_ControlVoltageScaling
    main.o(.text.SystemClock_Config) refers to stm32g4xx_hal_rcc.o(.text.HAL_RCC_OscConfig) for HAL_RCC_OscConfig
    main.o(.text.SystemClock_Config) refers to main.o(.text.Error_Handler) for Error_Handler
    main.o(.text.SystemClock_Config) refers to stm32g4xx_hal_rcc.o(.text.HAL_RCC_ClockConfig) for HAL_RCC_ClockConfig
    main.o(.ARM.exidx.text.SystemClock_Config) refers to main.o(.text.SystemClock_Config) for [Anonymous Symbol]
    main.o(.text.MX_GPIO_Init) refers to stm32g4xx_hal_gpio.o(.text.HAL_GPIO_WritePin) for HAL_GPIO_WritePin
    main.o(.text.MX_GPIO_Init) refers to stm32g4xx_hal_gpio.o(.text.HAL_GPIO_Init) for HAL_GPIO_Init
    main.o(.ARM.exidx.text.MX_GPIO_Init) refers to main.o(.text.MX_GPIO_Init) for [Anonymous Symbol]
    main.o(.text.MX_SPI1_Init) refers to main.o(.bss.hspi1) for hspi1
    main.o(.text.MX_SPI1_Init) refers to stm32g4xx_hal_spi.o(.text.HAL_SPI_Init) for HAL_SPI_Init
    main.o(.text.MX_SPI1_Init) refers to main.o(.text.Error_Handler) for Error_Handler
    main.o(.ARM.exidx.text.MX_SPI1_Init) refers to main.o(.text.MX_SPI1_Init) for [Anonymous Symbol]
[...]
    [Anonymous Symbol]                       0x08004c44   Section        0  stm32g4xx_hal_spi.o(.text.SPI_WaitFifoStateUntilTimeout)
    SPI_WaitFlagStateUntilTimeout            0x08004d91   Thumb Code   298  stm32g4xx_hal_spi.o(.text.SPI_WaitFlagStateUntilTimeout)
    [Anonymous Symbol]                       0x08004d90   Section        0  stm32g4xx_hal_spi.o(.text.SPI_WaitFlagStateUntilTimeout)
    [Anonymous Symbol]                       0x08004ebc   Section        0  stm32g4xx_it.o(.text.SVC_Handler)
    SysTick_Config                           0x08004ec1   Thumb Code    82  stm32g4xx_hal_cortex.o(.text.SysTick_Config)
    [Anonymous Symbol]                       0x08004ec0   Section        0  stm32g4xx_hal_cortex.o(.text.SysTick_Config)
    [Anonymous Symbol]                       0x08004f14   Section        0  stm32g4xx_it.o(.text.SysTick_Handler)
    [Anonymous Symbol]                       0x08004f1c   Section        0  main.o(.text.SystemClock_Config)
    [Anonymous Symbol]                       0x08004f90   Section        0  system_stm32g4xx.o(.text.SystemInit)
    [Anonymous Symbol]                       0x08004fa4   Section        0  stm32g4xx_hal_tim.o(.text.TIM_Base_SetConfig)
    [Anonymous Symbol]                       0x0800513c   Section        0  stm32g4xx_hal_tim.o(.text.TIM_CCxChannelCmd)
    TIM_OC1_SetConfig                        0x08005175   Thumb Code   340  stm32g4xx_hal_tim.o(.text.TIM_OC1_SetConfig)
    [Anonymous Symbol]                       0x08005174   Section        0  stm32g4xx_hal_tim.o(.text.TIM_OC1_SetConfig)
    [Anonymous Symbol]                       0x080052c8   Section        0  stm32g4xx_hal_tim.o(.text.TIM_OC2_SetConfig)
    TIM_OC3_SetConfig                        0x08005439   Thumb Code   366  stm32g4xx_hal_tim.o(.text.TIM_OC3_SetConfig)
    [Anonymous Symbol]                       0x08005438   Section        0  stm32g4xx_hal_tim.o(.text.TIM_OC3_SetConfig)
    TIM_OC4_SetConfig                        0x080055a9   Thumb Code   368  stm32g4xx_hal_tim.o(.text.TIM_OC4_SetConfig)
    [Anonymous Symbol]                       0x080055a8   Section        0  stm32g4xx_hal_tim.o(.text.TIM_OC4_SetConfig)
    TIM_OC5_SetConfig                        0x08005719   Thumb Code   210  stm32g4xx_hal_tim.o(.text.TIM_OC5_SetConfig)
    [Anonymous Symbol]                       0x08005718   Section        0  stm32g4xx_hal_tim.o(.text.TIM_OC5_SetConfig)
    TIM_OC6_SetConfig                        0x080057ed   Thumb Code   212  stm32g4xx_hal_tim.o(.text.TIM_OC6_SetConfig)
    [Anonymous Symbol]                       0x080057ec   Section        0  stm32g4xx_hal_tim.o(.text.TIM_OC6_SetConfig)
    UARTEx_SetNbDataToProcess                0x080058c1   Thumb Code   134  stm32g4xx_hal_uart_ex.o(.text.UARTEx_SetNbDataToProcess)
    [Anonymous Symbol]                       0x080058c0   Section        0  stm32g4xx_hal_uart_ex.o(.text.UARTEx_SetNbDataToProcess)
    [Anonymous Symbol]                       0x08005948   Section        0  stm32g4xx_hal_uart.o(.text.UART_AdvFeatureConfig)
    [Anonymous Symbol]                       0x08005a90   Section        0  stm32g4xx_hal_uart.o(.text.UART_CheckIdleState)
    UART_EndRxTransfer                       0x08005bd9   Thumb Code   158  stm32g4xx_hal_uart.o(.text.UART_EndRxTransfer)
    [Anonymous Symbol]                       0x08005bd8   Section        0  stm32g4xx_hal_uart.o(.text.UART_EndRxTransfer)
    [Anonymous Symbol]                       0x08005c78   Section        0  stm32g4xx_hal_uart.o(.text.UART_SetConfig)
    [Anonymous Symbol]                       0x080061e8   Section        0  stm32g4xx_hal_uart.o(.text.UART_WaitOnFlagUntilTimeout)
    [Anonymous Symbol]                       0x080062f4   Section        0  stm32g4xx_it.o(.text.UsageFault_Handler)
    __NVIC_GetPriorityGrouping               0x080062f9   Thumb Code    16  stm32g4xx_hal_cortex.o(.text.__NVIC_GetPriorityGrouping)
    [Anonymous Symbol]                       0x080062f8   Section        0  stm32g4xx_hal_cortex.o(.text.__NVIC_GetPriorityGrouping)
    __NVIC_SetPriority                       0x08006309   Thumb Code    66  stm32g4xx_hal_cortex.o(.text.__NVIC_SetPriority)
    [Anonymous Symbol]                       0x08006308   Section        0  stm32g4xx_hal_cortex.o(.text.__NVIC_SetPriority)
    __NVIC_SetPriorityGrouping               0x0800634d   Thumb Code    60  stm32g4xx_hal_cortex.o(.text.__NVIC_SetPriorityGrouping)
    [Anonymous Symbol]                       0x0800634c   Section        0  stm32g4xx_hal_cortex.o(.text.__NVIC_SetPriorityGrouping)
    [Anonymous Symbol]                       0x08006388   Section        0  icm-426688p.o(.text.delay)
    [Anonymous Symbol]                       0x08006398   Section        0  main.o(.text.main)
    [Anonymous Symbol]                       0x0800644c   Section        0  icm-426688p.o(.text.spi_readbytes)
    [Anonymous Symbol]                       0x08006470   Section        0  icm-426688p.o(.text.spi_sendbytes)
    CL$$btod_d2e                             0x08006492   Section       62  btod.o(CL$$btod_d2e)
    CL$$btod_d2e_denorm_low                  0x080064d0   Section       70  btod.o(CL$$btod_d2e_denorm_low)
    CL$$btod_d2e_norm_op1                    0x08006516   Section       96  btod.o(CL$$btod_d2e_norm_op1)
    CL$$btod_div_common                      0x08006578   Section      824  btod.o(CL$$btod_div_common)
    CL$$btod_e2e                             0x080068b0   Section      220  btod.o(CL$$btod_e2e)
    CL$$btod_ediv                            0x0800698c   Section       42  btod.o(CL$$btod_ediv)
    CL$$btod_emul                            0x080069b6   Section       42  btod.o(CL$$btod_emul)
    CL$$btod_mult_common                     0x080069e0   Section      580  btod.o(CL$$btod_mult_common)
    i.__ARM_fpclassify                       0x08006c24   Section        0  fpclassify.o(i.__ARM_fpclassify)
    i._is_digit                              0x08006c54   Section        0  __printf_wp.o(i._is_digit)
    locale$$code                             0x08006c64   Section       44  lc_numeric_c.o(locale$$code)
    locale$$code                             0x08006c90   Section       44  lc_ctype_c.o(locale$$code)
    $v0                                      0x08006cbc   Number         0  d2f.o(x$fpl$d2f)
    x$fpl$d2f                                0x08006cbc   Section       98  d2f.o(x$fpl$d2f)
    $v0                                      0x08006d20   Number         0  daddsub_clz.o(x$fpl$dadd)
    x$fpl$dadd                               0x08006d20   Section      336  daddsub_clz.o(x$fpl$dadd)
    _dadd1                                   0x08006d31   Thumb Code     0  daddsub_clz.o(x$fpl$dadd)
    $v0                                      0x08006e70   Number         0  ddiv.o(x$fpl$ddiv)
    x$fpl$ddiv                               0x08006e70   Section      692  ddiv.o(x$fpl$ddiv)
    ddiv_entry                               0x08006e77   Thumb Code     0  ddiv.o(x$fpl$ddiv)
    $v0                                      0x08007124   Number         0  dflt_clz.o(x$fpl$dflt)
    x$fpl$dflt                               0x08007124   Section       46  dflt_clz.o(x$fpl$dflt)
    $v0                                      0x08007152   Number         0  dnaninf.o(x$fpl$dnaninf)
    x$fpl$dnaninf                            0x08007152   Section      156  dnaninf.o(x$fpl$dnaninf)
    $v0                                      0x080071ee   Number         0  dretinf.o(x$fpl$dretinf)
    x$fpl$dretinf                            0x080071ee   Section       12  dretinf.o(x$fpl$dretinf)
    $v0                                      0x080071fc   Number         0  daddsub_clz.o(x$fpl$dsub)
    x$fpl$dsub                               0x080071fc   Section      476  daddsub_clz.o(x$fpl$dsub)
    _dsub1                                   0x0800720d   Thumb Code     0  daddsub_clz.o(x$fpl$dsub)
    $v0                                      0x080073d8   Number         0  f2d.o(x$fpl$f2d)
    x$fpl$f2d                                0x080073d8   Section       86  f2d.o(x$fpl$f2d)
    $v0                                      0x0800742e   Number         0  fnaninf.o(x$fpl$fnaninf)
    x$fpl$fnaninf                            0x0800742e   Section      140  fnaninf.o(x$fpl$fnaninf)
    $v0                                      0x080074ba   Number         0  fpinit.o(x$fpl$fpinit)
    x$fpl$fpinit                             0x080074ba   Section       26  fpinit.o(x$fpl$fpinit)
    $v0                                      0x080074d4   Number         0  fretinf.o(x$fpl$fretinf)
    x$fpl$fretinf                            0x080074d4   Section       10  fretinf.o(x$fpl$fretinf)
    $v0                                      0x080074de   Number         0  printf1.o(x$fpl$printf1)
    x$fpl$printf1                            0x080074de   Section        4  printf1.o(x$fpl$printf1)
    $v0                                      0x080074e2   Number         0  printf2.o(x$fpl$printf2)
    x$fpl$printf2                            0x080074e2   Section        4  printf2.o(x$fpl$printf2)
    x$fpl$usenofp                            0x080074e6   Section        0  usenofp.o(x$fpl$usenofp)
    initial_mbstate                          0x080074e8   Data           8  _printf_wctomb.o(.constdata)
    .constdata                               0x080074e8   Section        8  _printf_wctomb.o(.constdata)
    uc_hextab                                0x080074f0   Data          20  _printf_hex_int_ll_ptr.o(.constdata)
    .constdata                               0x080074f0   Section       40  _printf_hex_int_ll_ptr.o(.constdata)
    lc_hextab                                0x08007504   Data          20  _printf_hex_int_ll_ptr.o(.constdata)
    maptable                                 0x08007518   Data          17  __printf_flags_ss_wp.o(.constdata)
    .constdata                               0x08007518   Section       17  __printf_flags_ss_wp.o(.constdata)
    lc_hextab                                0x08007529   Data          19  _printf_fp_hex.o(.constdata)
    .constdata                               0x08007529   Section       38  _printf_fp_hex.o(.constdata)
    uc_hextab                                0x0800753c   Data          19  _printf_fp_hex.o(.constdata)
    tenpwrs_x                                0x08007550   Data          60  bigflt0.o(.constdata)
    .constdata                               0x08007550   Section      148  bigflt0.o(.constdata)
    tenpwrs_i                                0x0800758c   Data          64  bigflt0.o(.constdata)
    UARTEx_SetNbDataToProcess.denominator    0x080075fc   Data           8  stm32g4xx_hal_uart_ex.o(.rodata.UARTEx_SetNbDataToProcess.denominator)
    [Anonymous Symbol]                       0x080075fc   Section        0  stm32g4xx_hal_uart_ex.o(.rodata.UARTEx_SetNbDataToProcess.denominator)
    UARTEx_SetNbDataToProcess.numerator      0x08007604   Data           8  stm32g4xx_hal_uart_ex.o(.rodata.UARTEx_SetNbDataToProcess.numerator)
    [Anonymous Symbol]                       0x08007604   Section        0  stm32g4xx_hal_uart_ex.o(.rodata.UARTEx_SetNbDataToProcess.numerator)
    .L.str                                   0x08007624   Data          24  main.o(.rodata.str1.1)
    [Anonymous Symbol]                       0x08007624   Section        0  main.o(.rodata.str1.1)
    locale$$data                             0x0800765c   Section       28  lc_numeric_c.o(locale$$data)
    __lcnum_c_name                           0x08007660   Data           2  lc_numeric_c.o(locale$$data)
    __lcnum_c_start                          0x08007668   Data           0  lc_numeric_c.o(locale$$data)
    __lcnum_c_point                          0x08007674   Data           0  lc_numeric_c.o(locale$$data)
    __lcnum_c_thousands                      0x08007676   Data           0  lc_numeric_c.o(locale$$data)
    __lcnum_c_grouping                       0x08007677   Data           0  lc_numeric_c.o(locale$$data)
    __lcnum_c_end                            0x08007678   Data           0  lc_numeric_c.o(locale$$data)
    locale$$data                             0x08007678   Section      272  lc_ctype_c.o(locale$$data)
    __lcctype_c_name                         0x0800767c   Data           2  lc_ctype_c.o(locale$$data)
    __lcctype_c_start                        0x08007684   Data           0  lc_ctype_c.o(locale$$data)
    __lcctype_c_end                          0x08007788   Data           0  lc_ctype_c.o(locale$$data)
    .bss                                     0x20000010   Section       96  libspace.o(.bss)
    Heap_Mem                                 0x20000250   Data         512  startup_stm32g431xx.o(HEAP)
    HEAP                                     0x20000250   Section      512  startup_stm32g431xx.o(HEAP)
    Stack_Mem                                0x20000450   Data        1024  startup_stm32g431xx.o(STACK)
    STACK                                    0x20000450   Section     1024  startup_stm32g431xx.o(STACK)
    __initial_sp                             0x20000850   Data           0  startup_stm32g431xx.o(STACK)

    Global Symbols

    Symbol Name                              Value     Ov Type        Size  Object(Section)

    BuildAttributes$$THM_ISAv4$E$P$D$K$B$S$7EM$VFPi3$EXTD16$VFPS$VFMA$PE$A:L22UL41UL21$X:L11$S22US41US21$IEEE1$IW$~IW$USESV6$~STKCKD$USESV7$~SHL$OTIME$ROPI$IEEEJ$EBA8$UX$STANDARDLIB$REQ8$PRES8$EABIv2 0x00000000   Number         0  anon$$obj.o ABSOLUTE
    _printf_flags                            0x00000000   Number         0  printf_stubs.o ABSOLUTE
    _printf_return_value                     0x00000000   Number         0  printf_stubs.o ABSOLUTE
    _printf_sizespec                         0x00000000   Number         0  printf_stubs.o ABSOLUTE
    _printf_widthprec                        0x00000000   Number         0  printf_stubs.o ABSOLUTE
    __ARM_exceptions_init                     - Undefined Weak Reference
    __alloca_initialize                       - Undefined Weak Reference
    __arm_preinit_                            - Undefined Weak Reference
    __arm_relocate_pie_                       - Undefined Weak Reference
    __cpp_initialize__aeabi_                  - Undefined Weak Reference
    __cxa_finalize                            - Undefined Weak Reference
    __sigvec_lookup                           - Undefined Weak Reference
    _atexit_init                              - Undefined Weak Reference
    _call_atexit_fns                          - Undefined Weak Reference
    _clock_init                               - Undefined Weak Reference
    _fp_trap_init                             - Undefined Weak Reference
    _fp_trap_shutdown                         - Undefined Weak Reference
    _get_lc_collate                           - Undefined Weak Reference
    _get_lc_monetary                          - Undefined Weak Reference
    _get_lc_time                              - Undefined Weak Reference
    _getenv_init                              - Undefined Weak Reference
    _handle_redirection                       - Undefined Weak Reference
    _init_alloc                               - Undefined Weak Reference
    _init_user_alloc                          - Undefined Weak Reference
    _initio                                   - Undefined Weak Reference
    _printf_mbtowc                            - Undefined Weak Reference
    _printf_wc                                - Undefined Weak Reference
    _rand_init                                - Undefined Weak Reference
    _signal_finish                            - Undefined Weak Reference
    _signal_init                              - Undefined Weak Reference
    _terminate_alloc                          - Undefined Weak Reference
    _terminate_user_alloc                     - Undefined Weak Reference
    _terminateio                              - Undefined Weak Reference
    __Vectors_Size                           0x000001d8   Number         0  startup_stm32g431xx.o ABSOLUTE
    __Vectors                                0x08000000   Data           4  startup_stm32g431xx.o(RESET)
    __Vectors_End                            0x080001d8   Data           0  startup_stm32g431xx.o(RESET)
    __main                                   0x080001d9   Thumb Code     8  __main.o(!!!main)
    __scatterload                            0x080001e1   Thumb Code     0  __scatter.o(!!!scatter)
    __scatterload_rt2                        0x080001e1   Thumb Code    44  __scatter.o(!!!scatter)
    __scatterload_rt2_thumb_only             0x080001e1   Thumb Code     0  __scatter.o(!!!scatter)
    __scatterload_null                       0x080001ef   Thumb Code     0  __scatter.o(!!!scatter)
    __scatterload_copy                       0x08000215   Thumb Code    26  __scatter_copy.o(!!handler_copy)
    __scatterload_zeroinit                   0x08000231   Thumb Code    28  __scatter_zi.o(!!handler_zi)
    _printf_n                                0x0800024d   Thumb Code     0  _printf_n.o(.ARM.Collect$$_printf_percent$$00000001)
    _printf_percent                          0x0800024d   Thumb Code     0  _printf_percent.o(.ARM.Collect$$_printf_percent$$00000000)
    _printf_p                                0x08000253   Thumb Code     0  _printf_p.o(.ARM.Collect$$_printf_percent$$00000002)
    _printf_f                                0x08000259   Thumb Code     0  _printf_f.o(.ARM.Collect$$_printf_percent$$00000003)
    _printf_e                                0x0800025f   Thumb Code     0  _printf_e.o(.ARM.Collect$$_printf_percent$$00000004)
    _printf_g                                0x08000265   Thumb Code     0  _printf_g.o(.ARM.Collect$$_printf_percent$$00000005)
    _printf_a                                0x0800026b   Thumb Code     0  _printf_a.o(.ARM.Collect$$_printf_percent$$00000006)
    _printf_ll                               0x08000271   Thumb Code     0  _printf_ll.o(.ARM.Collect$$_printf_percent$$00000007)
    _printf_i                                0x0800027b   Thumb Code     0  _printf_i.o(.ARM.Collect$$_printf_percent$$00000008)
    _printf_d                                0x08000281   Thumb Code     0  _printf_d.o(.ARM.Collect$$_printf_percent$$00000009)
    _printf_u                                0x08000287   Thumb Code     0  _printf_u.o(.ARM.Collect$$_printf_percent$$0000000A)
    _printf_o                                0x0800028d   Thumb Code     0  _printf_o.o(.ARM.Collect$$_printf_percent$$0000000B)
    _printf_x                                0x08000293   Thumb Code     0  _printf_x.o(.ARM.Collect$$_printf_percent$$0000000C)
    _printf_lli                              0x08000299   Thumb Code     0  _printf_lli.o(.ARM.Collect$$_printf_percent$$0000000D)
    _printf_lld                              0x0800029f   Thumb Code     0  _printf_lld.o(.ARM.Collect$$_printf_percent$$0000000E)
    _printf_llu                              0x080002a5   Thumb Code     0  _printf_llu.o(.ARM.Collect$$_printf_percent$$0000000F)
    _printf_llo                              0x080002ab   Thumb Code     0  _printf_llo.o(.ARM.Collect$$_printf_percent$$00000010)
    _printf_llx                              0x080002b1   Thumb Code     0  _printf_llx.o(.ARM.Collect$$_printf_percent$$00000011)
    _printf_l                                0x080002b7   Thumb Code     0  _printf_l.o(.ARM.Collect$$_printf_percent$$00000012)
    _printf_c                                0x080002c1   Thumb Code     0  _printf_c.o(.ARM.Collect$$_printf_percent$$00000013)
    _printf_s                                0x080002c7   Thumb Code     0  _printf_s.o(.ARM.Collect$$_printf_percent$$00000014)
    _printf_lc                               0x080002cd   Thumb Code     0  _printf_lc.o(.ARM.Collect$$_printf_percent$$00000015)
    _printf_ls                               0x080002d3   Thumb Code     0  _printf_ls.o(.ARM.Collect$$_printf_percent$$00000016)
    _printf_percent_end                      0x080002d9   Thumb Code     0  _printf_percent_end.o(.ARM.Collect$$_printf_percent$$00000017)
    __rt_lib_init                            0x080002dd   Thumb Code     0  libinit.o(.ARM.Collect$$libinit$$00000000)
    __rt_lib_init_fp_1                       0x080002df   Thumb Code     0  libinit2.o(.ARM.Collect$$libinit$$00000001)
    __rt_lib_init_heap_1                     0x080002e3   Thumb Code     0  libinit2.o(.ARM.Collect$$libinit$$0000000C)
    __rt_lib_init_lc_common                  0x080002e3   Thumb Code     0  libinit2.o(.ARM.Collect$$libinit$$00000011)
    __rt_lib_init_preinit_1                  0x080002e3   Thumb Code     0  libinit2.o(.ARM.Collect$$libinit$$00000006)
    __rt_lib_init_rand_1                     0x080002e3   Thumb Code     0  libinit2.o(.ARM.Collect$$libinit$$00000010)
    __rt_lib_init_relocate_pie_1             0x080002e3   Thumb Code     0  libinit2.o(.ARM.Collect$$libinit$$00000004)
    __rt_lib_init_user_alloc_1               0x080002e3   Thumb Code     0  libinit2.o(.ARM.Collect$$libinit$$0000000E)
    __rt_lib_init_lc_collate_1               0x080002e9   Thumb Code     0  libinit2.o(.ARM.Collect$$libinit$$00000013)
    __rt_lib_init_lc_ctype_2                 0x080002e9   Thumb Code     0  libinit2.o(.ARM.Collect$$libinit$$00000014)
    __rt_lib_init_lc_ctype_1                 0x080002f5   Thumb Code     0  libinit2.o(.ARM.Collect$$libinit$$00000015)
    __rt_lib_init_lc_monetary_1              0x080002f5   Thumb Code     0  libinit2.o(.ARM.Collect$$libinit$$00000017)
    __rt_lib_init_lc_numeric_2               0x080002f5   Thumb Code     0  libinit2.o(.ARM.Collect$$libinit$$00000018)
    __rt_lib_init_alloca_1                   0x080002ff   Thumb Code     0  libinit2.o(.ARM.Collect$$libinit$$00000030)
    __rt_lib_init_argv_1                     0x080002ff   Thumb Code     0  libinit2.o(.ARM.Collect$$libinit$$0000002E)
    __rt_lib_init_atexit_1                   0x080002ff   Thumb Code     0  libinit2.o(.ARM.Collect$$libinit$$0000001D)
    __rt_lib_init_clock_1                    0x080002ff   Thumb Code     0  libinit2.o(.ARM.Collect$$libinit$$00000023)
    __rt_lib_init_cpp_1                      0x080002ff   Thumb Code     0  libinit2.o(.ARM.Collect$$libinit$$00000034)
    __rt_lib_init_exceptions_1               0x080002ff   Thumb Code     0  libinit2.o(.ARM.Collect$$libinit$$00000032)
    __rt_lib_init_fp_trap_1                  0x080002ff   Thumb Code     0  libinit2.o(.ARM.Collect$$libinit$$00000021)
    __rt_lib_init_getenv_1                   0x080002ff   Thumb Code     0  libinit2.o(.ARM.Collect$$libinit$$00000025)
    __rt_lib_init_lc_numeric_1               0x080002ff   Thumb Code     0  libinit2.o(.ARM.Collect$$libinit$$00000019)
    __rt_lib_init_lc_time_1                  0x080002ff   Thumb Code     0  libinit2.o(.ARM.Collect$$libinit$$0000001B)
    __rt_lib_init_return                     0x080002ff   Thumb Code     0  libinit2.o(.ARM.Collect$$libinit$$00000035)
    __rt_lib_init_signal_1                   0x080002ff   Thumb Code     0  libinit2.o(.ARM.Collect$$libinit$$0000001F)
    __rt_lib_init_stdio_1                    0x080002ff   Thumb Code     0  libinit2.o(.ARM.Collect$$libinit$$00000027)
    __rt_lib_shutdown                        0x08000301   Thumb Code     0  libshutdown.o(.ARM.Collect$$libshutdown$$00000000)
    __rt_lib_shutdown_cpp_1                  0x08000303   Thumb Code     0  libshutdown2.o(.ARM.Collect$$libshutdown$$00000002)
    __rt_lib_shutdown_fp_trap_1              0x08000303   Thumb Code     0  libshutdown2.o(.ARM.Collect$$libshutdown$$00000007)
    __rt_lib_shutdown_heap_1                 0x08000303   Thumb Code     0  libshutdown2.o(.ARM.Collect$$libshutdown$$0000000F)
    __rt_lib_shutdown_return                 0x08000303   Thumb Code     0  libshutdown2.o(.ARM.Collect$$libshutdown$$00000010)
    __rt_lib_shutdown_signal_1               0x08000303   Thumb Code     0  libshutdown2.o(.ARM.Collect$$libshutdown$$0000000A)
    __rt_lib_shutdown_stdio_1                0x08000303   Thumb Code     0  libshutdown2.o(.ARM.Collect$$libshutdown$$00000004)
    __rt_lib_shutdown_user_alloc_1           0x08000303   Thumb Code     0  libshutdown2.o(.ARM.Collect$$libshutdown$$0000000C)
    __rt_entry                               0x08000305   Thumb Code     0  __rtentry.o(.ARM.Collect$$rtentry$$00000000)
    __rt_entry_presh_1                       0x08000305   Thumb Code     0  __rtentry2.o(.ARM.Collect$$rtentry$$00000002)
    __rt_entry_sh                            0x08000305   Thumb Code     0  __rtentry4.o(.ARM.Collect$$rtentry$$00000004)
    __rt_entry_li                            0x0800030b   Thumb Code     0  __rtentry2.o(.ARM.Collect$$rtentry$$0000000A)
    __rt_entry_postsh_1                      0x0800030b   Thumb Code     0  __rtentry2.o(.ARM.Collect$$rtentry$$00000009)
    __rt_entry_main                          0x0800030f   Thumb Code     0  __rtentry2.o(.ARM.Collect$$rtentry$$0000000D)
    __rt_entry_postli_1                      0x0800030f   Thumb Code     0  __rtentry2.o(.ARM.Collect$$rtentry$$0000000C)
    __rt_exit                                0x08000317   Thumb Code     0  rtexit.o(.ARM.Collect$$rtexit$$00000000)
    __rt_exit_ls                             0x08000319   Thumb Code     0  rtexit2.o(.ARM.Collect$$rtexit$$00000003)
    __rt_exit_prels_1                        0x08000319   Thumb Code     0  rtexit2.o(.ARM.Collect$$rtexit$$00000002)
    __rt_exit_exit                           0x0800031d   Thumb Code     0  rtexit2.o(.ARM.Collect$$rtexit$$00000004)
    Reset_Handler                            0x08000325   Thumb Code     8  startup_stm32g431xx.o(.text)
    ADC1_2_IRQHandler                        0x0800033f   Thumb Code     0  startup_stm32g431xx.o(.text)
    COMP1_2_3_IRQHandler                     0x0800033f   Thumb Code     0  startup_stm32g431xx.o(.text)
    COMP4_IRQHandler                         0x0800033f   Thumb Code     0  startup_stm32g431xx.o(.text)
    CORDIC_IRQHandler                        0x0800033f   Thumb Code     0  startup_stm32g431xx.o(.text)
    CRS_IRQHandler                           0x0800033f   Thumb Code     0  startup_stm32g431xx.o(.text)
    DMA1_Channel1_IRQHandler                 0x0800033f   Thumb Code     0  startup_stm32g431xx.o(.text)
    DMA1_Channel2_IRQHandler                 0x0800033f   Thumb Code     0  startup_stm32g431xx.o(.text)
    DMA1_Channel3_IRQHandler                 0x0800033f   Thumb Code     0  startup_stm32g431xx.o(.text)
    DMA1_Channel4_IRQHandler                 0x0800033f   Thumb Code     0  startup_stm32g431xx.o(.text)
    DMA1_Channel5_IRQHandler                 0x0800033f   Thumb Code     0  startup_stm32g431xx.o(.text)
    DMA1_Channel6_IRQHandler                 0x0800033f   Thumb Code     0  startup_stm32g431xx.o(.text)
    DMA2_Channel1_IRQHandler                 0x0800033f   Thumb Code     0  startup_stm32g431xx.o(.text)
    DMA2_Channel2_IRQHandler                 0x0800033f   Thumb Code     0  startup_stm32g431xx.o(.text)
    DMA2_Channel3_IRQHandler                 0x0800033f   Thumb Code     0  startup_stm32g431xx.o(.text)
    DMA2_Channel4_IRQHandler                 0x0800033f   Thumb Code     0  startup_stm32g431xx.o(.text)
    DMA2_Channel5_IRQHandler                 0x0800033f   Thumb Code     0  startup_stm32g431xx.o(.text)
    DMA2_Channel6_IRQHandler                 0x0800033f   Thumb Code     0  startup_stm32g431xx.o(.text)
    DMAMUX_OVR_IRQHandler                    0x0800033f   Thumb Code     0  startup_stm32g431xx.o(.text)
    EXTI0_IRQHandler                         0x0800033f   Thumb Code     0  startup_stm32g431xx.o(.text)
    EXTI15_10_IRQHandler                     0x0800033f   Thumb Code     0  startup_stm32g431xx.o(.text)
    EXTI1_IRQHandler                         0x0800033f   Thumb Code     0  startup_stm32g431xx.o(.text)
    EXTI2_IRQHandler                         0x0800033f   Thumb Code     0  startup_stm32g431xx.o(.text)
    EXTI3_IRQHandler                         0x0800033f   Thumb Code     0  startup_stm32g431xx.o(.text)
    EXTI4_IRQHandler                         0x0800033f   Thumb Code     0  startup_stm32g431xx.o(.text)
    EXTI9_5_IRQHandler                       0x0800033f   Thumb Code     0  startup_stm32g431xx.o(.text)
    FDCAN1_IT0_IRQHandler                    0x0800033f   Thumb Code     0  startup_stm32g431xx.o(.text)
    FDCAN1_IT1_IRQHandler                    0x0800033f   Thumb Code     0  startup_stm32g431xx.o(.text)
    FLASH_IRQHandler                         0x0800033f   Thumb Code     0  startup_stm32g431xx.o(.text)
    FMAC_IRQHandler                          0x0800033f   Thumb Code     0  startup_stm32g431xx.o(.text)
    FPU_IRQHandler                           0x0800033f   Thumb Code     0  startup_stm32g431xx.o(.text)
    I2C1_ER_IRQHandler                       0x0800033f   Thumb Code     0  startup_stm32g431xx.o(.text)
    I2C1_EV_IRQHandler                       0x0800033f   Thumb Code     0  startup_stm32g431xx.o(.text)
    I2C2_ER_IRQHandler                       0x0800033f   Thumb Code     0  startup_stm32g431xx.o(.text)
    I2C2_EV_IRQHandler                       0x0800033f   Thumb Code     0  startup_stm32g431xx.o(.text)
    I2C3_ER_IRQHandler                       0x0800033f   Thumb Code     0  startup_stm32g431xx.o(.text)
    I2C3_EV_IRQHandler                       0x0800033f   Thumb Code     0  startup_stm32g431xx.o(.text)
    LPTIM1_IRQHandler                        0x0800033f   Thumb Code     0  startup_stm32g431xx.o(.text)
    LPUART1_IRQHandler                       0x0800033f   Thumb Code     0  startup_stm32g431xx.o(.text)
    PVD_PVM_IRQHandler                       0x0800033f   Thumb Code     0  startup_stm32g431xx.o(.text)
    RCC_IRQHandler                           0x0800033f   Thumb Code     0  startup_stm32g431xx.o(.text)
    RNG_IRQHandler                           0x0800033f   Thumb Code     0  startup_stm32g431xx.o(.text)
    RTC_Alarm_IRQHandler                     0x0800033f   Thumb Code     0  startup_stm32g431xx.o(.text)
    RTC_TAMP_LSECSS_IRQHandler               0x0800033f   Thumb Code     0  startup_stm32g431xx.o(.text)
    RTC_WKUP_IRQHandler                      0x0800033f   Thumb Code     0  startup_stm32g431xx.o(.text)
    SAI1_IRQHandler                          0x0800033f   Thumb Code     0  startup_stm32g431xx.o(.text)
    SPI1_IRQHandler                          0x0800033f   Thumb Code     0  startup_stm32g431xx.o(.text)
    SPI2_IRQHandler                          0x0800033f   Thumb Code     0  startup_stm32g431xx.o(.text)
    SPI3_IRQHandler                          0x0800033f   Thumb Code     0  startup_stm32g431xx.o(.text)
    TIM1_BRK_TIM15_IRQHandler                0x0800033f   Thumb Code     0  startup_stm32g431xx.o(.text)
    TIM1_CC_IRQHandler                       0x0800033f   Thumb Code     0  startup_stm32g431xx.o(.text)
    TIM1_TRG_COM_TIM17_IRQHandler            0x0800033f   Thumb Code     0  startup_stm32g431xx.o(.text)
    TIM1_UP_TIM16_IRQHandler                 0x0800033f   Thumb Code     0  startup_stm32g431xx.o(.text)
    TIM2_IRQHandler                          0x0800033f   Thumb Code     0  startup_stm32g431xx.o(.text)
    TIM3_IRQHandler                          0x0800033f   Thumb Code     0  startup_stm32g431xx.o(.text)
    TIM4_IRQHandler                          0x0800033f   Thumb Code     0  startup_stm32g431xx.o(.text)
    TIM6_DAC_IRQHandler                      0x0800033f   Thumb Code     0  startup_stm32g431xx.o(.text)
    TIM7_IRQHandler                          0x0800033f   Thumb Code     0  startup_stm32g431xx.o(.text)
    TIM8_BRK_IRQHandler                      0x0800033f   Thumb Code     0  startup_stm32g431xx.o(.text)
    TIM8_CC_IRQHandler                       0x0800033f   Thumb Code     0  startup_stm32g431xx.o(.text)
    TIM8_TRG_COM_IRQHandler                  0x0800033f   Thumb Code     0  startup_stm32g431xx.o(.text)
    TIM8_UP_IRQHandler                       0x0800033f   Thumb Code     0  startup_stm32g431xx.o(.text)
    UART4_IRQHandler                         0x0800033f   Thumb Code     0  startup_stm32g431xx.o(.text)
    UCPD1_IRQHandler                         0x0800033f   Thumb Code     0  startup_stm32g431xx.o(.text)
    USART1_IRQHandler                        0x0800033f   Thumb Code     0  startup_stm32g431xx.o(.text)
    USART2_IRQHandler                        0x0800033f   Thumb Code     0  startup_stm32g431xx.o(.text)
    USART3_IRQHandler                        0x0800033f   Thumb Code     0  startup_stm32g431xx.o(.text)
    USBWakeUp_IRQHandler                     0x0800033f   Thumb Code     0  startup_stm32g431xx.o(.text)
    USB_HP_IRQHandler                        0x0800033f   Thumb Code     0  startup_stm32g431xx.o(.text)
    USB_LP_IRQHandler                        0x0800033f   Thumb Code     0  startup_stm32g431xx.o(.text)
    WWDG_IRQHandler                          0x0800033f   Thumb Code     0  startup_stm32g431xx.o(.text)
    __user_initial_stackheap                 0x08000341   Thumb Code     0  startup_stm32g431xx.o(.text)
    __aeabi_uldivmod                         0x08000365   Thumb Code     0  lludivv7m.o(.text)
    _ll_udiv                                 0x08000365   Thumb Code   240  lludivv7m.o(.text)
    sprintf                                  0x08000455   Thumb Code    38  sprintf.o(.text)
    strlen                                   0x08000481   Thumb Code    62  strlen.o(.text)
    __aeabi_memclr4                          0x080004bf   Thumb Code     0  rt_memclr_w.o(.text)
    __aeabi_memclr8                          0x080004bf   Thumb Code     0  rt_memclr_w.o(.text)
    __rt_memclr_w                            0x080004bf   Thumb Code     0  rt_memclr_w.o(.text)
    _memset_w                                0x080004c3   Thumb Code    74  rt_memclr_w.o(.text)
    __use_two_region_memory                  0x0800050d   Thumb Code     2  heapauxi.o(.text)
    __rt_heap_escrow$2region                 0x0800050f   Thumb Code     2  heapauxi.o(.text)
    __rt_heap_expand$2region                 0x08000511   Thumb Code     2  heapauxi.o(.text)
    _printf_pre_padding                      0x08000513   Thumb Code    44  _printf_pad.o(.text)
    _printf_post_padding                     0x0800053f   Thumb Code    34  _printf_pad.o(.text)
    _printf_truncate_signed                  0x08000561   Thumb Code    18  _printf_truncate.o(.text)
    _printf_truncate_unsigned                0x08000573   Thumb Code    18  _printf_truncate.o(.text)
    _printf_str                              0x08000585   Thumb Code    82  _printf_str.o(.text)
    _printf_int_dec                          0x080005d9   Thumb Code   104  _printf_dec.o(.text)
    _printf_charcount                        0x08000651   Thumb Code    40  _printf_charcount.o(.text)
    _printf_char_common                      0x08000683   Thumb Code    32  _printf_char_common.o(.text)
    _sputc                                   0x080006a9   Thumb Code    10  _sputc.o(.text)
    _printf_wctomb                           0x080006b5   Thumb Code   182  _printf_wctomb.o(.text)
    _printf_longlong_dec                     0x08000771   Thumb Code   108  _printf_longlong_dec.o(.text)
    _printf_longlong_oct                     0x080007ed   Thumb Code    68  _printf_oct_int_ll.o(.text)
    _printf_int_oct                          0x08000831   Thumb Code    24  _printf_oct_int_ll.o(.text)
    _printf_ll_oct                           0x08000849   Thumb Code    12  _printf_oct_int_ll.o(.text)
    _printf_longlong_hex                     0x0800085d   Thumb Code    86  _printf_hex_int_ll_ptr.o(.text)
    _printf_int_hex                          0x080008b3   Thumb Code    28  _printf_hex_int_ll_ptr.o(.text)
    _printf_ll_hex                           0x080008cf   Thumb Code    12  _printf_hex_int_ll_ptr.o(.text)
    _printf_hex_ptr                          0x080008db   Thumb Code    18  _printf_hex_int_ll_ptr.o(.text)
    __printf                                 0x080008f1   Thumb Code   388  __printf_flags_ss_wp.o(.text)
    _ll_udiv10                               0x08000a79   Thumb Code   138  lludiv10.o(.text)
    _printf_int_common                       0x08000b03   Thumb Code   178  _printf_intcommon.o(.text)
    _printf_fp_dec_real                      0x08000d65   Thumb Code   620  _printf_fp_dec.o(.text)
    _printf_fp_hex_real                      0x08000fd1   Thumb Code   756  _printf_fp_hex.o(.text)
    _printf_cs_common                        0x080012cd   Thumb Code    20  _printf_char.o(.text)
    _printf_char                             0x080012e1   Thumb Code    16  _printf_char.o(.text)
    _printf_string                           0x080012f1   Thumb Code     8  _printf_char.o(.text)
    _printf_lcs_common                       0x080012f9   Thumb Code    20  _printf_wchar.o(.text)
    _printf_wchar                            0x0800130d   Thumb Code    16  _printf_wchar.o(.text)
    _printf_wstring                          0x0800131d   Thumb Code     8  _printf_wchar.o(.text)
    _c16rtomb                                0x08001325   Thumb Code    72  _c16rtomb.o(.text)
    _wcrtomb                                 0x08001325   Thumb Code     0  _c16rtomb.o(.text)
    __user_setup_stackheap                   0x0800136d   Thumb Code    74  sys_stackheap_outer.o(.text)
    __rt_ctype_table                         0x080013b9   Thumb Code    16  rt_ctype_table.o(.text)
    __rt_locale                              0x080013c9   Thumb Code     8  rt_locale_intlibspace.o(.text)
    _printf_fp_infnan                        0x080013d1   Thumb Code   112  _printf_fp_infnan.o(.text)
    _btod_etento                             0x08001451   Thumb Code   224  bigflt0.o(.text)
    exit                                     0x08001535   Thumb Code    18  exit.o(.text)
    __user_libspace                          0x08001549   Thumb Code     8  libspace.o(.text)
    __user_perproc_libspace                  0x08001549   Thumb Code     0  libspace.o(.text)
    __user_perthread_libspace                0x08001549   Thumb Code     0  libspace.o(.text)
    strcmp                                   0x08001551   Thumb Code   124  strcmpv7em.o(.text)
    _sys_exit                                0x080015cd   Thumb Code     8  sys_exit.o(.text)
    __I$use$semihosting                      0x080015d9   Thumb Code     0  use_no_semi.o(.text)
    __use_no_semihosting_swi                 0x080015d9   Thumb Code     2  use_no_semi.o(.text)
    __semihosting_library_function           0x080015db   Thumb Code     0  indicate_semi.o(.text)
    BusFault_Handler                         0x080015dd   Thumb Code     4  stm32g4xx_it.o(.text.BusFault_Handler)
    DebugMon_Handler                         0x080015e1   Thumb Code     2  stm32g4xx_it.o(.text.DebugMon_Handler)
    Error_Handler                            0x080015e5   Thumb Code    14  main.o(.text.Error_Handler)
    HAL_Delay                                0x080015f5   Thumb Code    66  stm32g4xx_hal.o(.text.HAL_Delay)
    HAL_GPIO_Init                            0x08001639   Thumb Code   872  stm32g4xx_hal_gpio.o(.text.HAL_GPIO_Init)
    HAL_GPIO_WritePin                        0x080019a1   Thumb Code    44  stm32g4xx_hal_gpio.o(.text.HAL_GPIO_WritePin)
    HAL_GetTick                              0x080019cd   Thumb Code    12  stm32g4xx_hal.o(.text.HAL_GetTick)
    HAL_IncTick                              0x080019d9   Thumb Code    26  stm32g4xx_hal.o(.text.HAL_IncTick)
    HAL_Init                                 0x080019f5   Thumb Code    48  stm32g4xx_hal.o(.text.HAL_Init)
    HAL_InitTick                             0x08001a25   Thumb Code   136  stm32g4xx_hal.o(.text.HAL_InitTick)
    HAL_MspInit                              0x08001aad   Thumb Code    72  stm32g4xx_hal_msp.o(.text.HAL_MspInit)
    HAL_NVIC_SetPriority                     0x08001af5   Thumb Code    46  stm32g4xx_hal_cortex.o(.text.HAL_NVIC_SetPriority)
    HAL_NVIC_SetPriorityGrouping             0x08001b25   Thumb Code    16  stm32g4xx_hal_cortex.o(.text.HAL_NVIC_SetPriorityGrouping)
    HAL_PWREx_ControlVoltageScaling          0x08001b35   Thumb Code   436  stm32g4xx_hal_pwr_ex.o(.text.HAL_PWREx_ControlVoltageScaling)
    HAL_PWREx_DisableUCPDDeadBattery         0x08001ce9   Thumb Code    18  stm32g4xx_hal_pwr_ex.o(.text.HAL_PWREx_DisableUCPDDeadBattery)
    HAL_RCCEx_PeriphCLKConfig                0x08001cfd   Thumb Code  1114  stm32g4xx_hal_rcc_ex.o(.text.HAL_RCCEx_PeriphCLKConfig)
    HAL_RCC_ClockConfig                      0x08002159   Thumb Code   806  stm32g4xx_hal_rcc.o(.text.HAL_RCC_ClockConfig)
    HAL_RCC_GetHCLKFreq                      0x08002481   Thumb Code    12  stm32g4xx_hal_rcc.o(.text.HAL_RCC_GetHCLKFreq)
    HAL_RCC_GetPCLK1Freq                     0x0800248d   Thumb Code    38  stm32g4xx_hal_rcc.o(.text.HAL_RCC_GetPCLK1Freq)
    HAL_RCC_GetPCLK2Freq                     0x080024b5   Thumb Code    38  stm32g4xx_hal_rcc.o(.text.HAL_RCC_GetPCLK2Freq)
    HAL_RCC_GetSysClockFreq                  0x080024dd   Thumb Code   252  stm32g4xx_hal_rcc.o(.text.HAL_RCC_GetSysClockFreq)
    HAL_RCC_OscConfig                        0x080025d9   Thumb Code  1974  stm32g4xx_hal_rcc.o(.text.HAL_RCC_OscConfig)
    HAL_SPI_Init                             0x08002d91   Thumb Code   332  stm32g4xx_hal_spi.o(.text.HAL_SPI_Init)
    HAL_SPI_MspInit                          0x08002edd   Thumb Code   130  stm32g4xx_hal_msp.o(.text.HAL_SPI_MspInit)
    HAL_SPI_Receive                          0x08002f61   Thumb Code   650  stm32g4xx_hal_spi.o(.text.HAL_SPI_Receive)
    HAL_SPI_Transmit                         0x080031ed   Thumb Code   760  stm32g4xx_hal_spi.o(.text.HAL_SPI_Transmit)
    HAL_SPI_TransmitReceive                  0x080034e5   Thumb Code  1128  stm32g4xx_hal_spi.o(.text.HAL_SPI_TransmitReceive)
    HAL_SYSTICK_Config                       0x0800394d   Thumb Code    16  stm32g4xx_hal_cortex.o(.text.HAL_SYSTICK_Config)
    HAL_TIMEx_MasterConfigSynchronization    0x0800395d   Thumb Code   318  stm32g4xx_hal_tim_ex.o(.text.HAL_TIMEx_MasterConfigSynchronization)
    HAL_TIM_MspPostInit                      0x08003a9d   Thumb Code    92  stm32g4xx_hal_msp.o(.text.HAL_TIM_MspPostInit)
    HAL_TIM_PWM_ConfigChannel                0x08003af9   Thumb Code   432  stm32g4xx_hal_tim.o(.text.HAL_TIM_PWM_ConfigChannel)
    HAL_TIM_PWM_Init                         0x08003ca9   Thumb Code   168  stm32g4xx_hal_tim.o(.text.HAL_TIM_PWM_Init)
    HAL_TIM_PWM_MspInit                      0x08003d51   Thumb Code    52  stm32g4xx_hal_msp.o(.text.HAL_TIM_PWM_MspInit)
    HAL_TIM_PWM_Start                        0x08003d85   Thumb Code   606  stm32g4xx_hal_tim.o(.text.HAL_TIM_PWM_Start)
    HAL_UARTEx_DisableFifoMode               0x08003fe5   Thumb Code   124  stm32g4xx_hal_uart_ex.o(.text.HAL_UARTEx_DisableFifoMode)
    HAL_UARTEx_SetRxFifoThreshold            0x08004061   Thumb Code   140  stm32g4xx_hal_uart_ex.o(.text.HAL_UARTEx_SetRxFifoThreshold)
    HAL_UARTEx_SetTxFifoThreshold            0x080040ed   Thumb Code   140  stm32g4xx_hal_uart_ex.o(.text.HAL_UARTEx_SetTxFifoThreshold)
    HAL_UART_Init                            0x08004179   Thumb Code   170  stm32g4xx_hal_uart.o(.text.HAL_UART_Init)
    HAL_UART_MspInit                         0x08004225   Thumb Code   298  stm32g4xx_hal_msp.o(.text.HAL_UART_MspInit)
    HAL_UART_Transmit                        0x08004351   Thumb Code   312  stm32g4xx_hal_uart.o(.text.HAL_UART_Transmit)
    HardFault_Handler                        0x08004489   Thumb Code     4  stm32g4xx_it.o(.text.HardFault_Handler)
    ICM42688P_GetTemp                        0x08004491   Thumb Code   136  icm-426688p.o(.text.ICM42688P_GetTemp)
    ICM42688P_Init                           0x08004519   Thumb Code    50  icm-426688p.o(.text.ICM42688P_Init)
    ICM42688P_ODRcfg                         0x0800454d   Thumb Code    38  icm-426688p.o(.text.ICM42688P_ODRcfg)
    ICM42688P_ReadRegister                   0x08004575   Thumb Code    82  icm-426688p.o(.text.ICM42688P_ReadRegister)
    ICM42688P_SoftwareReset                  0x080045c9   Thumb Code    72  icm-426688p.o(.text.ICM42688P_SoftwareReset)
    ICM42688P_Start                          0x08004611   Thumb Code    34  icm-426688p.o(.text.ICM42688P_Start)
    ICM42688P_WriteRegister                  0x08004635   Thumb Code   180  icm-426688p.o(.text.ICM42688P_WriteRegister)
    MemManage_Handler                        0x080049d5   Thumb Code     4  stm32g4xx_it.o(.text.MemManage_Handler)
    NMI_Handler                              0x080049d9   Thumb Code     4  stm32g4xx_it.o(.text.NMI_Handler)
    PendSV_Handler                           0x08004a49   Thumb Code     2  stm32g4xx_it.o(.text.PendSV_Handler)
    SVC_Handler                              0x08004ebd   Thumb Code     2  stm32g4xx_it.o(.text.SVC_Handler)
    SysTick_Handler                          0x08004f15   Thumb Code     8  stm32g4xx_it.o(.text.SysTick_Handler)
    SystemClock_Config                       0x08004f1d   Thumb Code   116  main.o(.text.SystemClock_Config)
    SystemInit                               0x08004f91   Thumb Code    18  system_stm32g4xx.o(.text.SystemInit)
    TIM_Base_SetConfig                       0x08004fa5   Thumb Code   406  stm32g4xx_hal_tim.o(.text.TIM_Base_SetConfig)
    TIM_CCxChannelCmd                        0x0800513d   Thumb Code    54  stm32g4xx_hal_tim.o(.text.TIM_CCxChannelCmd)
    TIM_OC2_SetConfig                        0x080052c9   Thumb Code   368  stm32g4xx_hal_tim.o(.text.TIM_OC2_SetConfig)
    UART_AdvFeatureConfig                    0x08005949   Thumb Code   328  stm32g4xx_hal_uart.o(.text.UART_AdvFeatureConfig)
    UART_CheckIdleState                      0x08005a91   Thumb Code   326  stm32g4xx_hal_uart.o(.text.UART_CheckIdleState)
    UART_SetConfig                           0x08005c79   Thumb Code  1392  stm32g4xx_hal_uart.o(.text.UART_SetConfig)
    UART_WaitOnFlagUntilTimeout              0x080061e9   Thumb Code   268  stm32g4xx_hal_uart.o(.text.UART_WaitOnFlagUntilTimeout)
    UsageFault_Handler                       0x080062f5   Thumb Code     4  stm32g4xx_it.o(.text.UsageFault_Handler)
    delay                                    0x08006389   Thumb Code    16  icm-426688p.o(.text.delay)
    main                                     0x08006399   Thumb Code   178  main.o(.text.main)
    spi_readbytes                            0x0800644d   Thumb Code    34  icm-426688p.o(.text.spi_readbytes)
    spi_sendbytes                            0x08006471   Thumb Code    34  icm-426688p.o(.text.spi_sendbytes)
    _btod_d2e                                0x08006493   Thumb Code    62  btod.o(CL$$btod_d2e)
    _d2e_denorm_low                          0x080064d1   Thumb Code    70  btod.o(CL$$btod_d2e_denorm_low)
    _d2e_norm_op1                            0x08006517   Thumb Code    96  btod.o(CL$$btod_d2e_norm_op1)
    __btod_div_common                        0x08006579   Thumb Code   696  btod.o(CL$$btod_div_common)
    _e2e                                     0x080068b1   Thumb Code   220  btod.o(CL$$btod_e2e)
    _btod_ediv                               0x0800698d   Thumb Code    42  btod.o(CL$$btod_ediv)
    _btod_emul                               0x080069b7   Thumb Code    42  btod.o(CL$$btod_emul)
    __btod_mult_common                       0x080069e1   Thumb Code   580  btod.o(CL$$btod_mult_common)
    __ARM_fpclassify                         0x08006c25   Thumb Code    48  fpclassify.o(i.__ARM_fpclassify)
    _is_digit                                0x08006c55   Thumb Code    14  __printf_wp.o(i._is_digit)
    _get_lc_numeric                          0x08006c65   Thumb Code    44  lc_numeric_c.o(locale$$code)
    _get_lc_ctype                            0x08006c91   Thumb Code    44  lc_ctype_c.o(locale$$code)
    __aeabi_d2f                              0x08006cbd   Thumb Code     0  d2f.o(x$fpl$d2f)
    _d2f                                     0x08006cbd   Thumb Code    98  d2f.o(x$fpl$d2f)
    __aeabi_dadd                             0x08006d21   Thumb Code     0  daddsub_clz.o(x$fpl$dadd)
    _dadd                                    0x08006d21   Thumb Code   332  daddsub_clz.o(x$fpl$dadd)
    __aeabi_ddiv                             0x08006e71   Thumb Code     0  ddiv.o(x$fpl$ddiv)
    _ddiv                                    0x08006e71   Thumb Code   556  ddiv.o(x$fpl$ddiv)
    __aeabi_i2d                              0x08007125   Thumb Code     0  dflt_clz.o(x$fpl$dflt)
    _dflt                                    0x08007125   Thumb Code    46  dflt_clz.o(x$fpl$dflt)
    __fpl_dnaninf                            0x08007153   Thumb Code   156  dnaninf.o(x$fpl$dnaninf)
    __fpl_dretinf                            0x080071ef   Thumb Code    12  dretinf.o(x$fpl$dretinf)
    __aeabi_dsub                             0x080071fd   Thumb Code     0  daddsub_clz.o(x$fpl$dsub)
    _dsub                                    0x080071fd   Thumb Code   472  daddsub_clz.o(x$fpl$dsub)
    __aeabi_f2d                              0x080073d9   Thumb Code     0  f2d.o(x$fpl$f2d)
    _f2d                                     0x080073d9   Thumb Code    86  f2d.o(x$fpl$f2d)
    __fpl_fnaninf                            0x0800742f   Thumb Code   140  fnaninf.o(x$fpl$fnaninf)
    _fp_init                                 0x080074bb   Thumb Code    26  fpinit.o(x$fpl$fpinit)
    __fplib_config_fpu_vfp                   0x080074d3   Thumb Code     0  fpinit.o(x$fpl$fpinit)
    __fplib_config_pureend_doubles           0x080074d3   Thumb Code     0  fpinit.o(x$fpl$fpinit)
    __fpl_fretinf                            0x080074d5   Thumb Code    10  fretinf.o(x$fpl$fretinf)
    _printf_fp_dec                           0x080074df   Thumb Code     4  printf1.o(x$fpl$printf1)
    _printf_fp_hex                           0x080074e3   Thumb Code     4  printf2.o(x$fpl$printf2)
    __I$use$fp                               0x080074e6   Number         0  usenofp.o(x$fpl$usenofp)
    AHBPrescTable                            0x080075e4   Data          16  system_stm32g4xx.o(.rodata.AHBPrescTable)
    APBPrescTable                            0x080075f4   Data           8  system_stm32g4xx.o(.rodata.APBPrescTable)
    UARTPrescTable                           0x0800760c   Data          24  stm32g4xx_hal_uart.o(.rodata.UARTPrescTable)
    Region$$Table$$Base                      0x0800763c   Number         0  anon$$obj.o(Region$$Table)
    Region$$Table$$Limit                     0x0800765c   Number         0  anon$$obj.o(Region$$Table)
    __ctype                                  0x08007685   Data           0  lc_ctype_c.o(locale$$data)
    SystemCoreClock                          0x20000000   Data           4  system_stm32g4xx.o(.data.SystemCoreClock)
    uwTickFreq                               0x20000004   Data           4  stm32g4xx_hal.o(.data.uwTickFreq)
    uwTickPrio                               0x20000008   Data           4  stm32g4xx_hal.o(.data.uwTickPrio)
    __libspace_start                         0x20000010   Data          96  libspace.o(.bss)
    __temporary_stack_top$libspace           0x20000070   Data           0  libspace.o(.bss)
    hspi1                                    0x20000070   Data         100  main.o(.bss.hspi1)
    htim2                                    0x200000d4   Data          76  main.o(.bss.htim2)
    huart1                                   0x20000120   Data         148  main.o(.bss.huart1)
    huart2                                   0x200001b4   Data         148  main.o(.bss.huart2)
    uwTick                                   0x20000248   Data           4  stm32g4xx_hal.o(.bss.uwTick)



==============================================================================

Memory Map of the image

  Image Entry point : 0x080001d9

  Load Region LR_IROM1 (Base: 0x08000000, Size: 0x00007798, Max: 0x00020000, ABSOLUTE)

    Execution Region ER_IROM1 (Exec base: 0x08000000, Load base: 0x08000000, Size: 0x00007788, Max: 0x00020000, ABSOLUTE)

    Exec Addr    Load Addr    Size         Type   Attr      Idx    E Section Name        Object

    0x08000000   0x08000000   0x000001d8   Data   RO            3    RESET               startup_stm32g431xx.o
    0x080001d8   0x080001d8   0x00000008   Code   RO         1421  * !!!main             c_w.l(__main.o)
    0x080001e0   0x080001e0   0x00000034   Code   RO         1796    !!!scatter          c_w.l(__scatter.o)
    0x08000214   0x08000214   0x0000001a   Code   RO         1798    !!handler_copy      c_w.l(__scatter_copy.o)
    0x0800022e   0x0800022e   0x00000002   PAD
    0x08000230   0x08000230   0x0000001c   Code   RO         1800    !!handler_zi        c_w.l(__scatter_zi.o)
    0x0800024c   0x0800024c   0x00000000   Code   RO         1529    .ARM.Collect$$_printf_percent$$00000000  c_w.l(_printf_percent.o)
    0x0800024c   0x0800024c   0x00000006   Code   RO         1518    .ARM.Collect$$_printf_percent$$00000001  c_w.l(_printf_n.o)
    0x08000252   0x08000252   0x00000006   Code   RO         1520    .ARM.Collect$$_printf_percent$$00000002  c_w.l(_printf_p.o)
    0x08000258   0x08000258   0x00000006   Code   RO         1525    .ARM.Collect$$_printf_percent$$00000003  c_w.l(_printf_f.o)
    0x0800025e   0x0800025e   0x00000006   Code   RO         1526    .ARM.Collect$$_printf_percent$$00000004  c_w.l(_printf_e.o)
    0x08000264   0x08000264   0x00000006   Code   RO         1527    .ARM.Collect$$_printf_percent$$00000005  c_w.l(_printf_g.o)
    0x0800026a   0x0800026a   0x00000006   Code   RO         1528    .ARM.Collect$$_printf_percent$$00000006  c_w.l(_printf_a.o)
    0x08000270   0x08000270   0x0000000a   Code   RO         1533    .ARM.Collect$$_printf_percent$$00000007  c_w.l(_printf_ll.o)
    0x0800027a   0x0800027a   0x00000006   Code   RO         1522    .ARM.Collect$$_printf_percent$$00000008  c_w.l(_printf_i.o)
    0x08000280   0x08000280   0x00000006   Code   RO         1523    .ARM.Collect$$_printf_percent$$00000009  c_w.l(_printf_d.o)
    0x08000286   0x08000286   0x00000006   Code   RO         1524    .ARM.Collect$$_printf_percent$$0000000A  c_w.l(_printf_u.o)
    0x0800028c   0x0800028c   0x00000006   Code   RO         1521    .ARM.Collect$$_printf_percent$$0000000B  c_w.l(_printf_o.o)
    0x08000292   0x08000292   0x00000006   Code   RO         1519    .ARM.Collect$$_printf_percent$$0000000C  c_w.l(_printf_x.o)
    0x08000298   0x08000298   0x00000006   Code   RO         1530    .ARM.Collect$$_printf_percent$$0000000D  c_w.l(_printf_lli.o)
    0x0800029e   0x0800029e   0x00000006   Code   RO         1531    .ARM.Collect$$_printf_percent$$0000000E  c_w.l(_printf_lld.o)
    0x080002a4   0x080002a4   0x00000006   Code   RO         1532    .ARM.Collect$$_printf_percent$$0000000F  c_w.l(_printf_llu.o)
    0x080002aa   0x080002aa   0x00000006   Code   RO         1537    .ARM.Collect$$_printf_percent$$00000010  c_w.l(_printf_llo.o)
    0x080002b0   0x080002b0   0x00000006   Code   RO         1538    .ARM.Collect$$_printf_percent$$00000011  c_w.l(_printf_llx.o)
    0x080002b6   0x080002b6   0x0000000a   Code   RO         1534    .ARM.Collect$$_printf_percent$$00000012  c_w.l(_printf_l.o)
    0x080002c0   0x080002c0   0x00000006   Code   RO         1516    .ARM.Collect$$_printf_percent$$00000013  c_w.l(_printf_c.o)
    0x080002c6   0x080002c6   0x00000006   Code   RO         1517    .ARM.Collect$$_printf_percent$$00000014  c_w.l(_printf_s.o)
    0x080002cc   0x080002cc   0x00000006   Code   RO         1535    .ARM.Collect$$_printf_percent$$00000015  c_w.l(_printf_lc.o)
    0x080002d2   0x080002d2   0x00000006   Code   RO         1536    .ARM.Collect$$_printf_percent$$00000016  c_w.l(_printf_ls.o)
    0x080002d8   0x080002d8   0x00000004   Code   RO         1590    .ARM.Collect$$_printf_percent$$00000017  c_w.l(_printf_percent_end.o)
    0x080002dc   0x080002dc   0x00000002   Code   RO         1645    .ARM.Collect$$libinit$$00000000  c_w.l(libinit.o)
    0x080002de   0x080002de   0x00000004   Code   RO         1668    .ARM.Collect$$libinit$$00000001  c_w.l(libinit2.o)
    0x080002e2   0x080002e2   0x00000000   Code   RO         1671    .ARM.Collect$$libinit$$00000004  c_w.l(libinit2.o)
    0x080002e2   0x080002e2   0x00000000   Code   RO         1673    .ARM.Collect$$libinit$$00000006  c_w.l(libinit2.o)
    0x080002e2   0x080002e2   0x00000000   Code   RO         1676    .ARM.Collect$$libinit$$0000000C  c_w.l(libinit2.o)
    0x080002e2   0x080002e2   0x00000000   Code   RO         1678    .ARM.Collect$$libinit$$0000000E  c_w.l(libinit2.o)
    0x080002e2   0x080002e2   0x00000000   Code   RO         1680    .ARM.Collect$$libinit$$00000010  c_w.l(libinit2.o)
    0x080002e2   0x080002e2   0x00000006   Code   RO         1681    .ARM.Collect$$libinit$$00000011  c_w.l(libinit2.o)
    0x080002e8   0x080002e8   0x00000000   Code   RO         1683    .ARM.Collect$$libinit$$00000013  c_w.l(libinit2.o)
    0x080002e8   0x080002e8   0x0000000c   Code   RO         1684    .ARM.Collect$$libinit$$00000014  c_w.l(libinit2.o)
    0x080002f4   0x080002f4   0x00000000   Code   RO         1685    .ARM.Collect$$libinit$$00000015  c_w.l(libinit2.o)
    0x080002f4   0x080002f4   0x00000000   Code   RO         1687    .ARM.Collect$$libinit$$00000017  c_w.l(libinit2.o)
    0x080002f4   0x080002f4   0x0000000a   Code   RO         1688    .ARM.Collect$$libinit$$00000018  c_w.l(libinit2.o)
    0x080002fe   0x080002fe   0x00000000   Code   RO         1689    .ARM.Collect$$libinit$$00000019  c_w.l(libinit2.o)
    0x080002fe   0x080002fe   0x00000000   Code   RO         1691    .ARM.Collect$$libinit$$0000001B  c_w.l(libinit2.o)
    0x080002fe   0x080002fe   0x00000000   Code   RO         1693    .ARM.Collect$$libinit$$0000001D  c_w.l(libinit2.o)
    0x080002fe   0x080002fe   0x00000000   Code   RO         1695    .ARM.Collect$$libinit$$0000001F  c_w.l(libinit2.o)
    0x080002fe   0x080002fe   0x00000000   Code   RO         1697    .ARM.Collect$$libinit$$00000021  c_w.l(libinit2.o)
    0x080002fe   0x080002fe   0x00000000   Code   RO         1699    .ARM.Collect$$libinit$$00000023  c_w.l(libinit2.o)
    0x080002fe   0x080002fe   0x00000000   Code   RO         1701    .ARM.Collect$$libinit$$00000025  c_w.l(libinit2.o)
    0x080002fe   0x080002fe   0x00000000   Code   RO         1703    .ARM.Collect$$libinit$$00000027  c_w.l(libinit2.o)
    0x080002fe   0x080002fe   0x00000000   Code   RO         1707    .ARM.Collect$$libinit$$0000002E  c_w.l(libinit2.o)
    0x080002fe   0x080002fe   0x00000000   Code   RO         1709    .ARM.Collect$$libinit$$00000030  c_w.l(libinit2.o)
    0x080002fe   0x080002fe   0x00000000   Code   RO         1711    .ARM.Collect$$libinit$$00000032  c_w.l(libinit2.o)
    0x080002fe   0x080002fe   0x00000000   Code   RO         1713    .ARM.Collect$$libinit$$00000034  c_w.l(libinit2.o)
    0x080002fe   0x080002fe   0x00000002   Code   RO         1714    .ARM.Collect$$libinit$$00000035  c_w.l(libinit2.o)
    0x08000300   0x08000300   0x00000002   Code   RO         1751    .ARM.Collect$$libshutdown$$00000000  c_w.l(libshutdown.o)
    0x08000302   0x08000302   0x00000000   Code   RO         1779    .ARM.Collect$$libshutdown$$00000002  c_w.l(libshutdown2.o)
    0x08000302   0x08000302   0x00000000   Code   RO         1781    .ARM.Collect$$libshutdown$$00000004  c_w.l(libshutdown2.o)
    0x08000302   0x08000302   0x00000000   Code   RO         1784    .ARM.Collect$$libshutdown$$00000007  c_w.l(libshutdown2.o)
    0x08000302   0x08000302   0x00000000   Code   RO         1787    .ARM.Collect$$libshutdown$$0000000A  c_w.l(libshutdown2.o)
    0x08000302   0x08000302   0x00000000   Code   RO         1789    .ARM.Collect$$libshutdown$$0000000C  c_w.l(libshutdown2.o)
    0x08000302   0x08000302   0x00000000   Code   RO         1792    .ARM.Collect$$libshutdown$$0000000F  c_w.l(libshutdown2.o)
    0x08000302   0x08000302   0x00000002   Code   RO         1793    .ARM.Collect$$libshutdown$$00000010  c_w.l(libshutdown2.o)
    0x08000304   0x08000304   0x00000000   Code   RO         1443    .ARM.Collect$$rtentry$$00000000  c_w.l(__rtentry.o)
    0x08000304   0x08000304   0x00000000   Code   RO         1557    .ARM.Collect$$rtentry$$00000002  c_w.l(__rtentry2.o)
    0x08000304   0x08000304   0x00000006   Code   RO         1569    .ARM.Collect$$rtentry$$00000004  c_w.l(__rtentry4.o)
    0x0800030a   0x0800030a   0x00000000   Code   RO         1559    .ARM.Collect$$rtentry$$00000009  c_w.l(__rtentry2.o)
    0x0800030a   0x0800030a   0x00000004   Code   RO         1560    .ARM.Collect$$rtentry$$0000000A  c_w.l(__rtentry2.o)
    0x0800030e   0x0800030e   0x00000000   Code   RO         1562    .ARM.Collect$$rtentry$$0000000C  c_w.l(__rtentry2.o)
    0x0800030e   0x0800030e   0x00000008   Code   RO         1563    .ARM.Collect$$rtentry$$0000000D  c_w.l(__rtentry2.o)
    0x08000316   0x08000316   0x00000002   Code   RO         1653    .ARM.Collect$$rtexit$$00000000  c_w.l(rtexit.o)
    0x08000318   0x08000318   0x00000000   Code   RO         1720    .ARM.Collect$$rtexit$$00000002  c_w.l(rtexit2.o)
    0x08000318   0x08000318   0x00000004   Code   RO         1721    .ARM.Collect$$rtexit$$00000003  c_w.l(rtexit2.o)
    0x0800031c   0x0800031c   0x00000006   Code   RO         1722    .ARM.Collect$$rtexit$$00000004  c_w.l(rtexit2.o)
    0x08000322   0x08000322   0x00000002   PAD
    0x08000324   0x08000324   0x00000040   Code   RO            4    .text               startup_stm32g431xx.o
    0x08000364   0x08000364   0x000000f0   Code   RO         1411    .text               c_w.l(lludivv7m.o)
    0x08000454   0x08000454   0x0000002c   Code   RO         1413    .text               c_w.l(sprintf.o)
    0x08000480   0x08000480   0x0000003e   Code   RO         1415    .text               c_w.l(strlen.o)
    0x080004be   0x080004be   0x0000004e   Code   RO         1417    .text               c_w.l(rt_memclr_w.o)
    0x0800050c   0x0800050c   0x00000006   Code   RO         1419    .text               c_w.l(heapauxi.o)
    0x08000512   0x08000512   0x0000004e   Code   RO         1450    .text               c_w.l(_printf_pad.o)
    0x08000560   0x08000560   0x00000024   Code   RO         1452    .text               c_w.l(_printf_truncate.o)
    0x08000584   0x08000584   0x00000052   Code   RO         1454    .text               c_w.l(_printf_str.o)
    0x080005d6   0x080005d6   0x00000002   PAD
    0x080005d8   0x080005d8   0x00000078   Code   RO         1456    .text               c_w.l(_printf_dec.o)
    0x08000650   0x08000650   0x00000028   Code   RO         1458    .text               c_w.l(_printf_charcount.o)
    0x08000678   0x08000678   0x00000030   Code   RO         1460    .text               c_w.l(_printf_char_common.o)
    0x080006a8   0x080006a8   0x0000000a   Code   RO         1462    .text               c_w.l(_sputc.o)
    0x080006b2   0x080006b2   0x00000002   PAD
    0x080006b4   0x080006b4   0x000000bc   Code   RO         1464    .text               c_w.l(_printf_wctomb.o)
    0x08000770   0x08000770   0x0000007c   Code   RO         1467    .text               c_w.l(_printf_longlong_dec.o)
    0x080007ec   0x080007ec   0x00000070   Code   RO         1473    .text               c_w.l(_printf_oct_int_ll.o)
    0x0800085c   0x0800085c   0x00000094   Code   RO         1493    .text               c_w.l(_printf_hex_int_ll_ptr.o)
    0x080008f0   0x080008f0   0x00000188   Code   RO         1513    .text               c_w.l(__printf_flags_ss_wp.o)
    0x08000a78   0x08000a78   0x0000008a   Code   RO         1573    .text               c_w.l(lludiv10.o)
    0x08000b02   0x08000b02   0x000000b2   Code   RO         1575    .text               c_w.l(_printf_intcommon.o)
    0x08000bb4   0x08000bb4   0x0000041c   Code   RO         1577    .text               c_w.l(_printf_fp_dec.o)
    0x08000fd0   0x08000fd0   0x000002fc   Code   RO         1581    .text               c_w.l(_printf_fp_hex.o)
    0x080012cc   0x080012cc   0x0000002c   Code   RO         1586    .text               c_w.l(_printf_char.o)
    0x080012f8   0x080012f8   0x0000002c   Code   RO         1588    .text               c_w.l(_printf_wchar.o)
    0x08001324   0x08001324   0x00000048   Code   RO         1591    .text               c_w.l(_c16rtomb.o)
    0x0800136c   0x0800136c   0x0000004a   Code   RO         1593    .text               c_w.l(sys_stackheap_outer.o)
    0x080013b6   0x080013b6   0x00000002   PAD
    0x080013b8   0x080013b8   0x00000010   Code   RO         1595    .text               c_w.l(rt_ctype_table.o)
    0x080013c8   0x080013c8   0x00000008   Code   RO         1600    .text               c_w.l(rt_locale_intlibspace.o)
    0x080013d0   0x080013d0   0x00000080   Code   RO         1602    .text               c_w.l(_printf_fp_infnan.o)
    0x08001450   0x08001450   0x000000e4   Code   RO         1604    .text               c_w.l(bigflt0.o)
    0x08001534   0x08001534   0x00000012   Code   RO         1634    .text               c_w.l(exit.o)
    0x08001546   0x08001546   0x00000002   PAD
    0x08001548   0x08001548   0x00000008   Code   RO         1650    .text               c_w.l(libspace.o)
    0x08001550   0x08001550   0x0000007c   Code   RO         1666    .text               c_w.l(strcmpv7em.o)
    0x080015cc   0x080015cc   0x0000000c   Code   RO         1715    .text               c_w.l(sys_exit.o)
    0x080015d8   0x080015d8   0x00000002   Code   RO         1740    .text               c_w.l(use_no_semi.o)
    0x080015da   0x080015da   0x00000000   Code   RO         1742    .text               c_w.l(indicate_semi.o)
    0x080015da   0x080015da   0x00000002   PAD
    0x080015dc   0x080015dc   0x00000004   Code   RO           46    .text.BusFault_Handler  stm32g4xx_it.o
    0x080015e0   0x080015e0   0x00000002   Code   RO           52    .text.DebugMon_Handler  stm32g4xx_it.o
    0x080015e2   0x080015e2   0x00000002   PAD
    0x080015e4   0x080015e4   0x0000000e   Code   RO           25    .text.Error_Handler  main.o
    0x080015f2   0x080015f2   0x00000002   PAD
    0x080015f4   0x080015f4   0x00000042   Code   RO          264    .text.HAL_Delay     stm32g4xx_hal.o
    0x08001636   0x08001636   0x00000002   PAD
    0x08001638   0x08001638   0x00000368   Code   RO          512    .text.HAL_GPIO_Init  stm32g4xx_hal_gpio.o
    0x080019a0   0x080019a0   0x0000002c   Code   RO          518    .text.HAL_GPIO_WritePin  stm32g4xx_hal_gpio.o
    0x080019cc   0x080019cc   0x0000000c   Code   RO          256    .text.HAL_GetTick   stm32g4xx_hal.o
    0x080019d8   0x080019d8   0x0000001a   Code   RO          254    .text.HAL_IncTick   stm32g4xx_hal.o
    0x080019f2   0x080019f2   0x00000002   PAD
    0x080019f4   0x080019f4   0x00000030   Code   RO          244    .text.HAL_Init      stm32g4xx_hal.o
    0x08001a24   0x08001a24   0x00000088   Code   RO          246    .text.HAL_InitTick  stm32g4xx_hal.o
    0x08001aac   0x08001aac   0x00000048   Code   RO           65    .text.HAL_MspInit   stm32g4xx_hal_msp.o
    0x08001af4   0x08001af4   0x0000002e   Code   RO          738    .text.HAL_NVIC_SetPriority  stm32g4xx_hal_cortex.o
    0x08001b22   0x08001b22   0x00000002   PAD
    0x08001b24   0x08001b24   0x00000010   Code   RO          734    .text.HAL_NVIC_SetPriorityGrouping  stm32g4xx_hal_cortex.o
    0x08001b34   0x08001b34   0x000001b4   Code   RO          655    .text.HAL_PWREx_ControlVoltageScaling  stm32g4xx_hal_pwr_ex.o
    0x08001ce8   0x08001ce8   0x00000012   Code   RO          725    .text.HAL_PWREx_DisableUCPDDeadBattery  stm32g4xx_hal_pwr_ex.o
    0x08001cfa   0x08001cfa   0x00000002   PAD
    0x08001cfc   0x08001cfc   0x0000045a   Code   RO          369    .text.HAL_RCCEx_PeriphCLKConfig  stm32g4xx_hal_rcc_ex.o
    0x08002156   0x08002156   0x00000002   PAD
    0x08002158   0x08002158   0x00000326   Code   RO          334    .text.HAL_RCC_ClockConfig  stm32g4xx_hal_rcc.o
    0x0800247e   0x0800247e   0x00000002   PAD
    0x08002480   0x08002480   0x0000000c   Code   RO          342    .text.HAL_RCC_GetHCLKFreq  stm32g4xx_hal_rcc.o
    0x0800248c   0x0800248c   0x00000026   Code   RO          344    .text.HAL_RCC_GetPCLK1Freq  stm32g4xx_hal_rcc.o
    0x080024b2   0x080024b2   0x00000002   PAD
    0x080024b4   0x080024b4   0x00000026   Code   RO          346    .text.HAL_RCC_GetPCLK2Freq  stm32g4xx_hal_rcc.o
    0x080024da   0x080024da   0x00000002   PAD
    0x080024dc   0x080024dc   0x000000fc   Code   RO          338    .text.HAL_RCC_GetSysClockFreq  stm32g4xx_hal_rcc.o
    0x080025d8   0x080025d8   0x000007b6   Code   RO          332    .text.HAL_RCC_OscConfig  stm32g4xx_hal_rcc.o
    0x08002d8e   0x08002d8e   0x00000002   PAD
    0x08002d90   0x08002d90   0x0000014c   Code   RO          117    .text.HAL_SPI_Init  stm32g4xx_hal_spi.o
    0x08002edc   0x08002edc   0x00000082   Code   RO           67    .text.HAL_SPI_MspInit  stm32g4xx_hal_msp.o
    0x08002f5e   0x08002f5e   0x00000002   PAD
    0x08002f60   0x08002f60   0x0000028a   Code   RO          129    .text.HAL_SPI_Receive  stm32g4xx_hal_spi.o
    0x080031ea   0x080031ea   0x00000002   PAD
    0x080031ec   0x080031ec   0x000002f8   Code   RO          125    .text.HAL_SPI_Transmit  stm32g4xx_hal_spi.o
    0x080034e4   0x080034e4   0x00000468   Code   RO          131    .text.HAL_SPI_TransmitReceive  stm32g4xx_hal_spi.o
    0x0800394c   0x0800394c   0x00000010   Code   RO          758    .text.HAL_SYSTICK_Config  stm32g4xx_hal_cortex.o
    0x0800395c   0x0800395c   0x0000013e   Code   RO         1126    .text.HAL_TIMEx_MasterConfigSynchronization  stm32g4xx_hal_tim_ex.o
    0x08003a9a   0x08003a9a   0x00000002   PAD
    0x08003a9c   0x08003a9c   0x0000005c   Code   RO           73    .text.HAL_TIM_MspPostInit  stm32g4xx_hal_msp.o
    0x08003af8   0x08003af8   0x000001b0   Code   RO          979    .text.HAL_TIM_PWM_ConfigChannel  stm32g4xx_hal_tim.o
    0x08003ca8   0x08003ca8   0x000000a8   Code   RO          863    .text.HAL_TIM_PWM_Init  stm32g4xx_hal_tim.o
    0x08003d50   0x08003d50   0x00000034   Code   RO           71    .text.HAL_TIM_PWM_MspInit  stm32g4xx_hal_msp.o
    0x08003d84   0x08003d84   0x0000025e   Code   RO          871    .text.HAL_TIM_PWM_Start  stm32g4xx_hal_tim.o
    0x08003fe2   0x08003fe2   0x00000002   PAD
    0x08003fe4   0x08003fe4   0x0000007c   Code   RO         1373    .text.HAL_UARTEx_DisableFifoMode  stm32g4xx_hal_uart_ex.o
    0x08004060   0x08004060   0x0000008c   Code   RO         1377    .text.HAL_UARTEx_SetRxFifoThreshold  stm32g4xx_hal_uart_ex.o
    0x080040ec   0x080040ec   0x0000008c   Code   RO         1375    .text.HAL_UARTEx_SetTxFifoThreshold  stm32g4xx_hal_uart_ex.o
    0x08004178   0x08004178   0x000000aa   Code   RO         1203    .text.HAL_UART_Init  stm32g4xx_hal_uart.o
    0x08004222   0x08004222   0x00000002   PAD
    0x08004224   0x08004224   0x0000012a   Code   RO           77    .text.HAL_UART_MspInit  stm32g4xx_hal_msp.o
    0x0800434e   0x0800434e   0x00000002   PAD
    0x08004350   0x08004350   0x00000138   Code   RO         1223    .text.HAL_UART_Transmit  stm32g4xx_hal_uart.o
    0x08004488   0x08004488   0x00000004   Code   RO           42    .text.HardFault_Handler  stm32g4xx_it.o
    0x0800448c   0x0800448c   0x00000004   PAD
    0x08004490   0x08004490   0x00000088   Code   RO          106    .text.ICM42688P_GetTemp  icm-426688p.o
    0x08004518   0x08004518   0x00000032   Code   RO           94    .text.ICM42688P_Init  icm-426688p.o
    0x0800454a   0x0800454a   0x00000002   PAD
    0x0800454c   0x0800454c   0x00000026   Code   RO          104    .text.ICM42688P_ODRcfg  icm-426688p.o
    0x08004572   0x08004572   0x00000002   PAD
    0x08004574   0x08004574   0x00000052   Code   RO          108    .text.ICM42688P_ReadRegister  icm-426688p.o
    0x080045c6   0x080045c6   0x00000002   PAD
    0x080045c8   0x080045c8   0x00000048   Code   RO           96    .text.ICM42688P_SoftwareReset  icm-426688p.o
    0x08004610   0x08004610   0x00000022   Code   RO           98    .text.ICM42688P_Start  icm-426688p.o
    0x08004632   0x08004632   0x00000002   PAD
    0x08004634   0x08004634   0x000000b4   Code   RO          100    .text.ICM42688P_WriteRegister  icm-426688p.o
    0x080046e8   0x080046e8   0x000000d8   Code   RO           15    .text.MX_GPIO_Init  main.o
    0x080047c0   0x080047c0   0x0000005a   Code   RO           17    .text.MX_SPI1_Init  main.o
    0x0800481a   0x0800481a   0x00000002   PAD
    0x0800481c   0x0800481c   0x00000098   Code   RO           19    .text.MX_TIM2_Init  main.o
    0x080048b4   0x080048b4   0x0000008e   Code   RO           21    .text.MX_USART1_UART_Init  main.o
    0x08004942   0x08004942   0x00000002   PAD
    0x08004944   0x08004944   0x0000008e   Code   RO           23    .text.MX_USART2_UART_Init  main.o
    0x080049d2   0x080049d2   0x00000002   PAD
    0x080049d4   0x080049d4   0x00000004   Code   RO           44    .text.MemManage_Handler  stm32g4xx_it.o
    0x080049d8   0x080049d8   0x00000004   Code   RO           40    .text.NMI_Handler   stm32g4xx_it.o
    0x080049dc   0x080049dc   0x0000006c   Code   RO          744    .text.NVIC_EncodePriority  stm32g4xx_hal_cortex.o
    0x08004a48   0x08004a48   0x00000002   Code   RO           54    .text.PendSV_Handler  stm32g4xx_it.o
    0x08004a4a   0x08004a4a   0x00000002   PAD
    0x08004a4c   0x08004a4c   0x0000009c   Code   RO          336    .text.RCC_GetSysClockFreqFromPLLSource  stm32g4xx_hal_rcc.o
    0x08004ae8   0x08004ae8   0x000000c4   Code   RO          133    .text.SPI_EndRxTransaction  stm32g4xx_hal_spi.o
    0x08004bac   0x08004bac   0x00000096   Code   RO          127    .text.SPI_EndRxTxTransaction  stm32g4xx_hal_spi.o
    0x08004c42   0x08004c42   0x00000002   PAD
    0x08004c44   0x08004c44   0x0000014c   Code   RO          183    .text.SPI_WaitFifoStateUntilTimeout  stm32g4xx_hal_spi.o
    0x08004d90   0x08004d90   0x0000012a   Code   RO          185    .text.SPI_WaitFlagStateUntilTimeout  stm32g4xx_hal_spi.o
    0x08004eba   0x08004eba   0x00000002   PAD
    0x08004ebc   0x08004ebc   0x00000002   Code   RO           50    .text.SVC_Handler   stm32g4xx_it.o
    0x08004ebe   0x08004ebe   0x00000002   PAD
    0x08004ec0   0x08004ec0   0x00000052   Code   RO          760    .text.SysTick_Config  stm32g4xx_hal_cortex.o
    0x08004f12   0x08004f12   0x00000002   PAD
    0x08004f14   0x08004f14   0x00000008   Code   RO           56    .text.SysTick_Handler  stm32g4xx_it.o
    0x08004f1c   0x08004f1c   0x00000074   Code   RO           13    .text.SystemClock_Config  main.o
    0x08004f90   0x08004f90   0x00000012   Code   RO         1396    .text.SystemInit    system_stm32g4xx.o
    0x08004fa2   0x08004fa2   0x00000002   PAD
    0x08004fa4   0x08004fa4   0x00000196   Code   RO          813    .text.TIM_Base_SetConfig  stm32g4xx_hal_tim.o
    0x0800513a   0x0800513a   0x00000002   PAD
    0x0800513c   0x0800513c   0x00000036   Code   RO          847    .text.TIM_CCxChannelCmd  stm32g4xx_hal_tim.o
    0x08005172   0x08005172   0x00000002   PAD
    0x08005174   0x08005174   0x00000154   Code   RO          957    .text.TIM_OC1_SetConfig  stm32g4xx_hal_tim.o
    0x080052c8   0x080052c8   0x00000170   Code   RO          959    .text.TIM_OC2_SetConfig  stm32g4xx_hal_tim.o
    0x08005438   0x08005438   0x0000016e   Code   RO          961    .text.TIM_OC3_SetConfig  stm32g4xx_hal_tim.o
    0x080055a6   0x080055a6   0x00000002   PAD
    0x080055a8   0x080055a8   0x00000170   Code   RO          963    .text.TIM_OC4_SetConfig  stm32g4xx_hal_tim.o
    0x08005718   0x08005718   0x000000d2   Code   RO          965    .text.TIM_OC5_SetConfig  stm32g4xx_hal_tim.o
    0x080057ea   0x080057ea   0x00000002   PAD
    0x080057ec   0x080057ec   0x000000d4   Code   RO          967    .text.TIM_OC6_SetConfig  stm32g4xx_hal_tim.o
    0x080058c0   0x080058c0   0x00000086   Code   RO         1371    .text.UARTEx_SetNbDataToProcess  stm32g4xx_hal_uart_ex.o
    0x08005946   0x08005946   0x00000002   PAD
    0x08005948   0x08005948   0x00000148   Code   RO         1207    .text.UART_AdvFeatureConfig  stm32g4xx_hal_uart.o
    0x08005a90   0x08005a90   0x00000146   Code   RO         1211    .text.UART_CheckIdleState  stm32g4xx_hal_uart.o
    0x08005bd6   0x08005bd6   0x00000002   PAD
    0x08005bd8   0x08005bd8   0x0000009e   Code   RO         1263    .text.UART_EndRxTransfer  stm32g4xx_hal_uart.o
    0x08005c76   0x08005c76   0x00000002   PAD
    0x08005c78   0x08005c78   0x00000570   Code   RO         1209    .text.UART_SetConfig  stm32g4xx_hal_uart.o
    0x080061e8   0x080061e8   0x0000010c   Code   RO         1225    .text.UART_WaitOnFlagUntilTimeout  stm32g4xx_hal_uart.o
    0x080062f4   0x080062f4   0x00000004   Code   RO           48    .text.UsageFault_Handler  stm32g4xx_it.o
    0x080062f8   0x080062f8   0x00000010   Code   RO          740    .text.__NVIC_GetPriorityGrouping  stm32g4xx_hal_cortex.o
    0x08006308   0x08006308   0x00000042   Code   RO          742    .text.__NVIC_SetPriority  stm32g4xx_hal_cortex.o
    0x0800634a   0x0800634a   0x00000002   PAD
    0x0800634c   0x0800634c   0x0000003c   Code   RO          736    .text.__NVIC_SetPriorityGrouping  stm32g4xx_hal_cortex.o
    0x08006388   0x08006388   0x00000010   Code   RO           90    .text.delay         icm-426688p.o
    0x08006398   0x08006398   0x000000b2   Code   RO           11    .text.main          main.o
    0x0800644a   0x0800644a   0x00000002   PAD
    0x0800644c   0x0800644c   0x00000022   Code   RO           92    .text.spi_readbytes  icm-426688p.o
    0x0800646e   0x0800646e   0x00000002   PAD
    0x08006470   0x08006470   0x00000022   Code   RO           88    .text.spi_sendbytes  icm-426688p.o
    0x08006492   0x08006492   0x0000003e   Code   RO         1607    CL$$btod_d2e        c_w.l(btod.o)
    0x080064d0   0x080064d0   0x00000046   Code   RO         1609    CL$$btod_d2e_denorm_low  c_w.l(btod.o)
    0x08006516   0x08006516   0x00000060   Code   RO         1608    CL$$btod_d2e_norm_op1  c_w.l(btod.o)
    0x08006576   0x08006576   0x00000002   PAD
    0x08006578   0x08006578   0x00000338   Code   RO         1617    CL$$btod_div_common  c_w.l(btod.o)
    0x080068b0   0x080068b0   0x000000dc   Code   RO         1614    CL$$btod_e2e        c_w.l(btod.o)
    0x0800698c   0x0800698c   0x0000002a   Code   RO         1611    CL$$btod_ediv       c_w.l(btod.o)
    0x080069b6   0x080069b6   0x0000002a   Code   RO         1610    CL$$btod_emul       c_w.l(btod.o)
    0x080069e0   0x080069e0   0x00000244   Code   RO         1616    CL$$btod_mult_common  c_w.l(btod.o)
    0x08006c24   0x08006c24   0x00000030   Code   RO         1648    i.__ARM_fpclassify  m_wm.l(fpclassify.o)
    0x08006c54   0x08006c54   0x0000000e   Code   RO         1506    i._is_digit         c_w.l(__printf_wp.o)
    0x08006c62   0x08006c62   0x00000002   PAD
    0x08006c64   0x08006c64   0x0000002c   Code   RO         1632    locale$$code        c_w.l(lc_numeric_c.o)
    0x08006c90   0x08006c90   0x0000002c   Code   RO         1660    locale$$code        c_w.l(lc_ctype_c.o)
    0x08006cbc   0x08006cbc   0x00000062   Code   RO         1423    x$fpl$d2f           fz_wm.l(d2f.o)
    0x08006d1e   0x08006d1e   0x00000002   PAD
    0x08006d20   0x08006d20   0x00000150   Code   RO         1425    x$fpl$dadd          fz_wm.l(daddsub_clz.o)
    0x08006e70   0x08006e70   0x000002b4   Code   RO         1432    x$fpl$ddiv          fz_wm.l(ddiv.o)
    0x08007124   0x08007124   0x0000002e   Code   RO         1436    x$fpl$dflt          fz_wm.l(dflt_clz.o)
    0x08007152   0x08007152   0x0000009c   Code   RO         1539    x$fpl$dnaninf       fz_wm.l(dnaninf.o)
    0x080071ee   0x080071ee   0x0000000c   Code   RO         1541    x$fpl$dretinf       fz_wm.l(dretinf.o)
    0x080071fa   0x080071fa   0x00000002   PAD
    0x080071fc   0x080071fc   0x000001dc   Code   RO         1427    x$fpl$dsub          fz_wm.l(daddsub_clz.o)
    0x080073d8   0x080073d8   0x00000056   Code   RO         1441    x$fpl$f2d           fz_wm.l(f2d.o)
    0x0800742e   0x0800742e   0x0000008c   Code   RO         1543    x$fpl$fnaninf       fz_wm.l(fnaninf.o)
    0x080074ba   0x080074ba   0x0000001a   Code   RO         1734    x$fpl$fpinit        fz_wm.l(fpinit.o)
    0x080074d4   0x080074d4   0x0000000a   Code   RO         1545    x$fpl$fretinf       fz_wm.l(fretinf.o)
    0x080074de   0x080074de   0x00000004   Code   RO         1547    x$fpl$printf1       fz_wm.l(printf1.o)
    0x080074e2   0x080074e2   0x00000004   Code   RO         1549    x$fpl$printf2       fz_wm.l(printf2.o)
    0x080074e6   0x080074e6   0x00000000   Code   RO         1555    x$fpl$usenofp       fz_wm.l(usenofp.o)
    0x080074e6   0x080074e6   0x00000002   PAD
    0x080074e8   0x080074e8   0x00000008   Data   RO         1465    .constdata          c_w.l(_printf_wctomb.o)
    0x080074f0   0x080074f0   0x00000028   Data   RO         1494    .constdata          c_w.l(_printf_hex_int_ll_ptr.o)
    0x08007518   0x08007518   0x00000011   Data   RO         1514    .constdata          c_w.l(__printf_flags_ss_wp.o)
    0x08007529   0x08007529   0x00000026   Data   RO         1582    .constdata          c_w.l(_printf_fp_hex.o)
    0x0800754f   0x0800754f   0x00000001   PAD
    0x08007550   0x08007550   0x00000094   Data   RO         1605    .constdata          c_w.l(bigflt0.o)
    0x080075e4   0x080075e4   0x00000010   Data   RO         1401    .rodata.AHBPrescTable  system_stm32g4xx.o
    0x080075f4   0x080075f4   0x00000008   Data   RO         1402    .rodata.APBPrescTable  system_stm32g4xx.o
    0x080075fc   0x080075fc   0x00000008   Data   RO         1388    .rodata.UARTEx_SetNbDataToProcess.denominator  stm32g4xx_hal_uart_ex.o
    0x08007604   0x08007604   0x00000008   Data   RO         1387    .rodata.UARTEx_SetNbDataToProcess.numerator  stm32g4xx_hal_uart_ex.o
    0x0800760c   0x0800760c   0x00000018   Data   RO         1343    .rodata.UARTPrescTable  stm32g4xx_hal_uart.o
    0x08007624   0x08007624   0x00000018   Data   RO           28    .rodata.str1.1      main.o
    0x0800763c   0x0800763c   0x00000020   Data   RO         1795    Region$$Table       anon$$obj.o
    0x0800765c   0x0800765c   0x0000001c   Data   RO         1631    locale$$data        c_w.l(lc_numeric_c.o)
    0x08007678   0x08007678   0x00000110   Data   RO         1659    locale$$data        c_w.l(lc_ctype_c.o)


    Execution Region RW_IRAM1 (Exec base: 0x20000000, Load base: 0x08007788, Size: 0x00000850, Max: 0x00008000, ABSOLUTE)

    Exec Addr    Load Addr    Size         Type   Attr      Idx    E Section Name        Object

    0x20000000   0x08007788   0x00000004   Data   RW         1400    .data.SystemCoreClock  system_stm32g4xx.o
    0x20000004   0x0800778c   0x00000004   Data   RW          321    .data.uwTickFreq    stm32g4xx_hal.o
    0x20000008   0x08007790   0x00000004   Data   RW          320    .data.uwTickPrio    stm32g4xx_hal.o
    0x2000000c   0x08007794   0x00000004   PAD
    0x20000010        -       0x00000060   Zero   RW         1651    .bss                c_w.l(libspace.o)
    0x20000070        -       0x00000064   Zero   RW           30    .bss.hspi1          main.o
    0x200000d4        -       0x0000004c   Zero   RW           27    .bss.htim2          main.o
    0x20000120        -       0x00000094   Zero   RW           31    .bss.huart1         main.o
    0x200001b4        -       0x00000094   Zero   RW           29    .bss.huart2         main.o
    0x20000248        -       0x00000004   Zero   RW          322    .bss.uwTick         stm32g4xx_hal.o
    0x2000024c   0x08007794   0x00000004   PAD
    0x20000250        -       0x00000200   Zero   RW            2    HEAP                startup_stm32g431xx.o
    0x20000450        -       0x00000400   Zero   RW            1    STACK               startup_stm32g431xx.o


==============================================================================

Image component sizes


      Code (inc. data)   RO Data    RW Data    ZI Data      Debug   Object Name

       676         16          0          0          0       2977   icm-426688p.o
      1050          0         24          0        472      10930   main.o
        64         26        472          0       1536        832   startup_stm32g431xx.o
       288          0          0          8          4       8393   stm32g4xx_hal.o
       410          0          0          0          0       9350   stm32g4xx_hal_cortex.o
       916          0          0          0          0       5277   stm32g4xx_hal_gpio.o
       644          0          0          0          0      10412   stm32g4xx_hal_msp.o
       454          0          0          0          0       7768   stm32g4xx_hal_pwr_ex.o
      3276          0          0          0          0       9356   stm32g4xx_hal_rcc.o
      1114          0          0          0          0      10875   stm32g4xx_hal_rcc_ex.o
      3846          0          0          0          0      21159   stm32g4xx_hal_spi.o
      3530         22          0          0          0      37659   stm32g4xx_hal_tim.o
       318          0          0          0          0      21540   stm32g4xx_hal_tim_ex.o
      2954         48         24          0          0      27208   stm32g4xx_hal_uart.o
       538          0         16          0          0       8828   stm32g4xx_hal_uart_ex.o
        34          0          0          0          0       1008   stm32g4xx_it.o
        18          0         24          4          0       2666   system_stm32g4xx.o

    ----------------------------------------------------------------------
     20214        112        592         12       2020     196238   Object Totals
         0          0         32          0          0          0   (incl. Generated)
        84          0          0          0          8          0   (incl. Padding)

    ----------------------------------------------------------------------

      Code (inc. data)   RO Data    RW Data    ZI Data      Debug   Library Member Name

         8          0          0          0          0         68   __main.o
       392          4         17          0          0         92   __printf_flags_ss_wp.o
        14          0          0          0          0         68   __printf_wp.o
         0          0          0          0          0          0   __rtentry.o
        12          0          0          0          0          0   __rtentry2.o
         6          0          0          0          0          0   __rtentry4.o
        52          8          0          0          0          0   __scatter.o
        26          0          0          0          0          0   __scatter_copy.o
        28          0          0          0          0          0   __scatter_zi.o
        72          0          0          0          0         96   _c16rtomb.o
         6          0          0          0          0          0   _printf_a.o
         6          0          0          0          0          0   _printf_c.o
        44          0          0          0          0        108   _printf_char.o
        48          6          0          0          0         96   _printf_char_common.o
        40          0          0          0          0         68   _printf_charcount.o
         6          0          0          0          0          0   _printf_d.o
       120         16          0          0          0         92   _printf_dec.o
         6          0          0          0          0          0   _printf_e.o
         6          0          0          0          0          0   _printf_f.o
      1052          0          0          0          0        148   _printf_fp_dec.o
       764          8         38          0          0        100   _printf_fp_hex.o
       128         16          0          0          0         84   _printf_fp_infnan.o
         6          0          0          0          0          0   _printf_g.o
       148          4         40          0          0        160   _printf_hex_int_ll_ptr.o
         6          0          0          0          0          0   _printf_i.o
       178          0          0          0          0         88   _printf_intcommon.o
        10          0          0          0          0          0   _printf_l.o
         6          0          0          0          0          0   _printf_lc.o
        10          0          0          0          0          0   _printf_ll.o
         6          0          0          0          0          0   _printf_lld.o
         6          0          0          0          0          0   _printf_lli.o
         6          0          0          0          0          0   _printf_llo.o
         6          0          0          0          0          0   _printf_llu.o
         6          0          0          0          0          0   _printf_llx.o
       124         16          0          0          0         92   _printf_longlong_dec.o
         6          0          0          0          0          0   _printf_ls.o
         6          0          0          0          0          0   _printf_n.o
         6          0          0          0          0          0   _printf_o.o
       112          8          0          0          0        124   _printf_oct_int_ll.o
         6          0          0          0          0          0   _printf_p.o
        78          0          0          0          0        108   _printf_pad.o
         0          0          0          0          0          0   _printf_percent.o
         4          0          0          0          0          0   _printf_percent_end.o
         6          0          0          0          0          0   _printf_s.o
        82          0          0          0          0         80   _printf_str.o
        36          0          0          0          0         84   _printf_truncate.o
         6          0          0          0          0          0   _printf_u.o
        44          0          0          0          0        108   _printf_wchar.o
       188          6          8          0          0         92   _printf_wctomb.o
         6          0          0          0          0          0   _printf_x.o
        10          0          0          0          0         68   _sputc.o
       228          4        148          0          0         96   bigflt0.o
      1936        128          0          0          0        668   btod.o
        18          0          0          0          0         80   exit.o
         6          0          0          0          0        152   heapauxi.o
         0          0          0          0          0          0   indicate_semi.o
        44         10        272          0          0         76   lc_ctype_c.o
        44         10         28          0          0         76   lc_numeric_c.o
         2          0          0          0          0          0   libinit.o
        34          0          0          0          0          0   libinit2.o
         2          0          0          0          0          0   libshutdown.o
         2          0          0          0          0          0   libshutdown2.o
         8          4          0          0         96         68   libspace.o
       138          0          0          0          0         80   lludiv10.o
       240          0          0          0          0        100   lludivv7m.o
        16          4          0          0          0         76   rt_ctype_table.o
         8          4          0          0          0         68   rt_locale_intlibspace.o
        78          0          0          0          0         80   rt_memclr_w.o
         2          0          0          0          0          0   rtexit.o
        10          0          0          0          0          0   rtexit2.o
        44          6          0          0          0         84   sprintf.o
       124          0          0          0          0         88   strcmpv7em.o
        62          0          0          0          0         76   strlen.o
        12          4          0          0          0         68   sys_exit.o
        74          0          0          0          0         80   sys_stackheap_outer.o
         2          0          0          0          0         68   use_no_semi.o
        98          4          0          0          0        140   d2f.o
       812         16          0          0          0        392   daddsub_clz.o
       692        140          0          0          0        264   ddiv.o
        46          0          0          0          0        116   dflt_clz.o
       156          4          0          0          0        140   dnaninf.o
        12          0          0          0          0        116   dretinf.o
        86          4          0          0          0        132   f2d.o
       140          4          0          0          0        132   fnaninf.o
        26          0          0          0          0        116   fpinit.o
        10          0          0          0          0        116   fretinf.o
         4          0          0          0          0        116   printf1.o
         4          0          0          0          0        116   printf2.o
         0          0          0          0          0          0   usenofp.o
        48          0          0          0          0        124   fpclassify.o

    ----------------------------------------------------------------------
      9242        438        552          0         96       6128   Library Totals
        24          0          1          0          0          0   (incl. Padding)

    ----------------------------------------------------------------------

      Code (inc. data)   RO Data    RW Data    ZI Data      Debug   Library Name

      7084        266        551          0         96       4108   c_w.l
      2086        172          0          0          0       1896   fz_wm.l
        48          0          0          0          0        124   m_wm.l

    ----------------------------------------------------------------------
      9242        438        552          0         96       6128   Library Totals

    ----------------------------------------------------------------------

==============================================================================


      Code (inc. data)   RO Data    RW Data    ZI Data      Debug   

     29456        550       1144         12       2116     198682   Grand Totals
     29456        550       1144         12       2116     198682   ELF Image Totals
     29456        550       1144         12          0          0   ROM Totals

==============================================================================

    Total RO  Size (Code + RO Data)                30600 (  29.88kB)
    Total RW  Size (RW Data + ZI Data)              2128 (   2.08kB)
    Total ROM Size (Code + RO Data + RW Data)      30612 (  29.89kB)

==============================================================================

